BUILD: [02:0000004953:ERRORE] NMAKE : fatal error U1073: don't know how to make 'C:\wince800\platform\qemu\drivers\netkvm\wlh\obj\ARMV7\retail\lan9118.obj' {log="C:\WINCE800\platform\qemu\drivers\netkvm\bldsys.log(41)"}
BUILD: [02:0000004969:ERRORE] TargetCompilePass  -nologo BUILDMSG=Stop.  BUILDROOT=C:\WINCE800\platform\qemu /F C:\WINCE800\public\common\oak\misc\makefile.def NOLINK=1 NOPASS0=1 failed - rc = 2. {log="C:\WINCE800\platform\qemu\drivers\netkvm\bldsys.log(42)"}
BUILD: [01:0000005969:ERRORE] c:\wince800\platform\qemu\drivers\netkvm\common\parandis-util.h(523) : error C2440: 'return' : cannot convert from 'SMNotifications *' to 'CObserver<TNotifyObject> *' {log="C:\WINCE800\platform\qemu\drivers\netkvm\bldsys.log(45)"}
BUILD: [01:0000006563:ERRORE] c:\wince800\platform\qemu\drivers\netkvm\common\parandis-util.h(864) : error C2143: syntax error : missing ')' before '...' {log="C:\WINCE800\platform\qemu\drivers\netkvm\bldsys.log(48)"}
BUILD: [01:0000006563:ERRORE] c:\wince800\platform\qemu\drivers\netkvm\common\parandis-util.h(864) : error C2059: syntax error : ')' {log="C:\WINCE800\platform\qemu\drivers\netkvm\bldsys.log(49)"}
BUILD: [01:0000007047:ERRORE] c:\wince800\platform\qemu\drivers\netkvm\common\parandis-util.h(523) : error C2440: 'return' : cannot convert from 'SMNotifications *' to 'CObserver<TNotifyObject> *' {log="C:\WINCE800\platform\qemu\drivers\netkvm\bldsys.log(50)"}
BUILD: [01:0000007422:ERRORE] c:\wince800\platform\qemu\drivers\netkvm\common\parandis_debug.cpp(138) : error C2146: syntax error : missing ';' before identifier 'CallbackRecord' {log="C:\WINCE800\platform\qemu\drivers\netkvm\bldsys.log(51)"}
BUILD: [01:0000007422:ERRORE] c:\wince800\platform\qemu\drivers\netkvm\common\parandis_debug.cpp(146) : error C2065: 'DPFLTR_DEFAULT_ID' : undeclared identifier {log="C:\WINCE800\platform\qemu\drivers\netkvm\bldsys.log(52)"}
BUILD: [01:0000007422:ERRORE] c:\wince800\platform\qemu\drivers\netkvm\common\parandis_debug.cpp(146) : error C2065: 'DPFLTR_MASK' : undeclared identifier {log="C:\WINCE800\platform\qemu\drivers\netkvm\bldsys.log(53)"}
BUILD: [01:0000007422:ERRORE] c:\wince800\platform\qemu\drivers\netkvm\common\parandis_debug.cpp(199) : error C3861: 'KeInitializeCallbackRecord': identifier not found {log="C:\WINCE800\platform\qemu\drivers\netkvm\bldsys.log(54)"}
BUILD: [01:0000007422:ERRORE] c:\wince800\platform\qemu\drivers\netkvm\common\parandis_debug.cpp(205) : error C2065: 'pd' : undeclared identifier {log="C:\WINCE800\platform\qemu\drivers\netkvm\bldsys.log(55)"}
BUILD: [01:0000007422:ERRORE] c:\wince800\platform\qemu\drivers\netkvm\common\parandis_debug.cpp(205) : error C3861: 'MmGetSystemRoutineAddress': identifier not found {log="C:\WINCE800\platform\qemu\drivers\netkvm\bldsys.log(56)"}
BUILD: [01:0000007422:ERRORE] c:\wince800\platform\qemu\drivers\netkvm\common\parandis_debug.cpp(206) : error C2065: 'pd' : undeclared identifier {log="C:\WINCE800\platform\qemu\drivers\netkvm\bldsys.log(57)"}
BUILD: [01:0000007422:ERRORE] c:\wince800\platform\qemu\drivers\netkvm\common\parandis_debug.cpp(227) : error C3861: 'BugCheckDeregisterCallback': identifier not found {log="C:\WINCE800\platform\qemu\drivers\netkvm\bldsys.log(58)"}
BUILD: [01:0000007828:ERRORE] c:\wince800\platform\qemu\drivers\netkvm\common\parandis-util.h(523) : error C2440: 'return' : cannot convert from 'SMNotifications *' to 'CObserver<TNotifyObject> *' {log="C:\WINCE800\platform\qemu\drivers\netkvm\bldsys.log(59)"}
BUILD: [01:0000008344:ERRORE] c:\wince800\platform\qemu\drivers\netkvm\common\parandis-util.h(523) : error C2440: 'return' : cannot convert from 'SMNotifications *' to 'CObserver<TNotifyObject> *' {log="C:\WINCE800\platform\qemu\drivers\netkvm\bldsys.log(60)"}
BUILD: [01:0000008703:ERRORE] c:\wince800\platform\qemu\drivers\netkvm\common\parandis-util.h(523) : error C2440: 'return' : cannot convert from 'SMNotifications *' to 'CObserver<TNotifyObject> *' {log="C:\WINCE800\platform\qemu\drivers\netkvm\bldsys.log(61)"}
BUILD: [01:0000009110:ERRORE] c:\wince800\platform\qemu\drivers\netkvm\common\parandis-util.h(523) : error C2440: 'return' : cannot convert from 'SMNotifications *' to 'CObserver<TNotifyObject> *' {log="C:\WINCE800\platform\qemu\drivers\netkvm\bldsys.log(62)"}
BUILD: [01:0000009672:ERRORE] c:\wince800\platform\qemu\drivers\netkvm\common\parandis_tx.cpp(773) : error C2039: 'DmaHandle' : is not a member of '_PARANDIS_ADAPTER' {log="C:\WINCE800\platform\qemu\drivers\netkvm\bldsys.log(63)"}
BUILD: [01:0000009672:ERRORE] c:\wince800\platform\qemu\drivers\netkvm\common\parandis_tx.cpp(781) : error C2039: 'DmaHandle' : is not a member of '_PARANDIS_ADAPTER' {log="C:\WINCE800\platform\qemu\drivers\netkvm\bldsys.log(64)"}
BUILD: [01:0000009672:ERRORE] c:\wince800\platform\qemu\drivers\netkvm\common\parandis_tx.cpp(790) : error C2039: 'DmaHandle' : is not a member of '_PARANDIS_ADAPTER' {log="C:\WINCE800\platform\qemu\drivers\netkvm\bldsys.log(65)"}
BUILD: [01:0000009688:ERRORE] c:\wince800\platform\qemu\drivers\netkvm\common\parandis_tx.cpp(983) : error C2059: syntax error : '{' {log="C:\WINCE800\platform\qemu\drivers\netkvm\bldsys.log(66)"}
BUILD: [01:0000009688:ERRORE] c:\wince800\platform\qemu\drivers\netkvm\common\parandis_tx.cpp(983) : error C2143: syntax error : missing ';' before '{' {log="C:\WINCE800\platform\qemu\drivers\netkvm\bldsys.log(67)"}
BUILD: [01:0000010063:ERRORE] c:\wince800\platform\qemu\drivers\netkvm\common\parandis_util.cpp(92) : error C3861: 'BitScanForward': identifier not found {log="C:\WINCE800\platform\qemu\drivers\netkvm\bldsys.log(68)"}
BUILD: [01:0000010063:ERRORE] c:\wince800\platform\qemu\drivers\netkvm\common\parandis_util.cpp(98) : error C2065: 'INVALID_PROCESSOR_INDEX' : undeclared identifier {log="C:\WINCE800\platform\qemu\drivers\netkvm\bldsys.log(69)"}
BUILD: [01:0000010453:ERRORE] c:\wince800\platform\qemu\drivers\netkvm\common\parandis_virtio.cpp(111) : error C2065: 'PCI_WHICHSPACE_CONFIG' : undeclared identifier {log="C:\WINCE800\platform\qemu\drivers\netkvm\bldsys.log(70)"}
BUILD: [01:0000010453:ERRORE] c:\wince800\platform\qemu\drivers\netkvm\common\parandis_virtio.cpp(214) : error C2664: 'READ_REGISTER_ULONG' : cannot convert parameter 1 from 'ULONG_PTR' to 'volatile const ULONG *const ' {log="C:\WINCE800\platform\qemu\drivers\netkvm\bldsys.log(71)"}
BUILD: [01:0000010453:ERRORE] c:\wince800\platform\qemu\drivers\netkvm\common\parandis_virtio.cpp(239) : error C2664: 'READ_REGISTER_UCHAR' : cannot convert parameter 1 from 'ULONG_PTR' to 'volatile const UCHAR *const ' {log="C:\WINCE800\platform\qemu\drivers\netkvm\bldsys.log(72)"}
BUILD: [01:0000010453:ERRORE] c:\wince800\platform\qemu\drivers\netkvm\common\parandis_virtio.cpp(265) : error C2664: 'READ_REGISTER_USHORT' : cannot convert parameter 1 from 'ULONG_PTR' to 'volatile const USHORT *const ' {log="C:\WINCE800\platform\qemu\drivers\netkvm\bldsys.log(73)"}
BUILD: [01:0000010469:ERRORE] c:\wince800\platform\qemu\drivers\netkvm\common\parandis_virtio.cpp(397) : error C2065: 'PCI_WHICHSPACE_CONFIG' : undeclared identifier {log="C:\WINCE800\platform\qemu\drivers\netkvm\bldsys.log(74)"}
BUILD: [01:0000010828:ERRORE] c:\wince800\platform\qemu\drivers\netkvm\common\parandis-util.h(454) : error C2039: 'GetListEntry' : is not a member of 'CTXDescriptor' {log="C:\WINCE800\platform\qemu\drivers\netkvm\bldsys.log(75)"}
BUILD: [01:0000011188:ERRORE] c:\wince800\platform\qemu\drivers\netkvm\common\parandis-util.h(523) : error C2440: 'return' : cannot convert from 'SMNotifications *' to 'CObserver<TNotifyObject> *' {log="C:\WINCE800\platform\qemu\drivers\netkvm\bldsys.log(76)"}
BUILD: [01:0000011235:ERRORE] NMAKE : fatal error U1077: 'C:\WINCE800\sdk\bin\i386\ARM\cl.exe' : return code '0x2' {log="C:\WINCE800\platform\qemu\drivers\netkvm\bldsys.log(77)"}
BUILD: [01:0000011250:ERRORE] TargetCompilePass  -nologo BUILDMSG=Stop.  BUILDROOT=C:\WINCE800\platform\qemu /F C:\WINCE800\public\common\oak\misc\makefile.def NOLINK=1 NOPASS0=1 failed - rc = 2. {log="C:\WINCE800\platform\qemu\drivers\netkvm\bldsys.log(78)"}
