BUILD: [Thread:SystemTickCount:Type  ] Message
BUILD: [00:0000000000:PROGC ] Build started with parameters:
BUILD: [00:0000000000:PROGC ] Build started in directory: C:\WINCE800\platform\qemu\drivers\netkvm
BUILD: [00:0000000016:PROGC ] Running passes WCEFILES0, MIDL, MC, ASN, THUNK, RUN_WPP, XRPACK, PRECOMPHEADER, COMPILE, RENUMBERICONIDS, RES2RES, LIB, EXPLIB, LINK, LOCALIZE, MANAGEDRESX, MANAGEDMOD, MANAGEDDLL, MANAGEDEXE, MANAGEDWIN, POSTBUILD for ARM.
BUILD: [00:0000000016:PROGC ] Loading database "C:\wince800\platform\qemu\BuildARMV7retail.dat".
BUILD: [00:0000000016:PROGC ] Done.
BUILD: [00:0000000016:PROGC ] Computing include file dependencies:
BUILD: [01:0000000188:PROGC ] Scan C:\wince800\platform\qemu\drivers\netkvm\notifyobject\
BUILD: [02:0000000188:PROGC ] Scan C:\wince800\platform\qemu\drivers\netkvm\common\
BUILD: [02:0000000578:PROGC ] Scan C:\wince800\platform\qemu\drivers\netkvm\wlh\
BUILD: [00:0000004532:PROGC ] Directory scanning complete.
BUILD: [00:0000004532:PROGC ] Saving C:\wince800\platform\qemu\BuildARMV7retail.dat.
BUILD: [00:0000004563:PROGC ] Saving Master Database complete.
BUILD: [00:0000004563:PROGC ] Starting WCEFILES0 Pass.
BUILD: [00:0000004563:PROGC ] Analyzing project dependency information for pass WCEFILES0.
BUILD: [00:0000004563:PROGC ] Starting MIDL Pass.
BUILD: [00:0000004563:PROGC ] Analyzing project dependency information for pass MIDL.
BUILD: [00:0000004578:PROGC ] Starting MC Pass.
BUILD: [00:0000004578:PROGC ] Analyzing project dependency information for pass MC.
BUILD: [00:0000004578:PROGC ] Starting ASN Pass.
BUILD: [00:0000004578:PROGC ] Analyzing project dependency information for pass ASN.
BUILD: [00:0000004578:PROGC ] Starting THUNK Pass.
BUILD: [00:0000004578:PROGC ] Analyzing project dependency information for pass THUNK.
BUILD: [00:0000004578:PROGC ] Starting RUN_WPP Pass.
BUILD: [00:0000004578:PROGC ] Analyzing project dependency information for pass RUN_WPP.
BUILD: [00:0000004578:PROGC ] Starting XRPACK Pass.
BUILD: [00:0000004578:PROGC ] Analyzing project dependency information for pass XRPACK.
BUILD: [00:0000004578:PROGC ] Starting PRECOMPHEADER Pass.
BUILD: [00:0000004578:PROGC ] Analyzing project dependency information for pass PRECOMPHEADER.
BUILD: [00:0000004578:PROGC ] Starting COMPILE Pass.
BUILD: [00:0000004578:PROGC ] Analyzing project dependency information for pass COMPILE.
BUILD: [00:0000004657:PROGC ] Building COMPILE Pass in C:\wince800\platform\qemu\drivers\netkvm\common\ directory.
BUILD: [00:0000004688:PROGC ] Warning(s) in directory "C:\wince800\platform\qemu\drivers\netkvm\wlh\".
BUILD: [00:0000004688:WARNN ] C:\wince800\platform\qemu\drivers\netkvm\wlh\: Missing source file: lan9118.c.
BUILD: [00:0000004703:WARNN ] C:\wince800\platform\qemu\drivers\netkvm\wlh\: Missing source file: os.c.
BUILD: [00:0000004703:WARNN ] C:\wince800\platform\qemu\drivers\netkvm\wlh\: Missing source file: smsc9118.c.
BUILD: [00:0000004703:WARNN ] C:\wince800\platform\qemu\drivers\netkvm\wlh\: Missing source file: platform.c.
BUILD: [00:0000004703:WARNN ] C:\wince800\platform\qemu\drivers\netkvm\wlh\: Missing source file: util.S.
BUILD: [00:0000004719:PROGC ] Building COMPILE Pass in C:\wince800\platform\qemu\drivers\netkvm\wlh\ directory.
BUILD: [02:0000004953:PROGC ] Error(s) in directory "C:\wince800\platform\qemu\drivers\netkvm\wlh\".
BUILD: [02:0000004953:ERRORE] NMAKE : fatal error U1073: don't know how to make 'C:\wince800\platform\qemu\drivers\netkvm\wlh\obj\ARMV7\retail\lan9118.obj'
BUILD: [02:0000004969:ERRORE] TargetCompilePass  -nologo BUILDMSG=Stop.  BUILDROOT=C:\WINCE800\platform\qemu /F C:\WINCE800\public\common\oak\misc\makefile.def NOLINK=1 NOPASS0=1 failed - rc = 2.
BUILD: [01:0000005032:PROGC ] Compiling .\ParaNdis_AbstractPath.cpp .\ParaNdis_Common.cpp .\ParaNdis_CX.cpp .\ParaNdis_Debug.cpp .\ParaNdis_GuestAnnounce.cpp .\ParaNdis_Oid.cpp .\ParaNdis_Protocol.cpp .\ParaNdis_RX.cpp .\ParaNdis_TX.cpp .\ParaNdis_Util.cpp .\ParaNdis_VirtIO.cpp .\ParaNdis_VirtQueue.cpp .\sw_offload.cpp
BUILD: [01:0000005969:PROGC ] Error(s) in directory "C:\wince800\platform\qemu\drivers\netkvm\common\".
BUILD: [01:0000005969:ERRORE] c:\wince800\platform\qemu\drivers\netkvm\common\parandis-util.h(523) : error C2440: 'return' : cannot convert from 'SMNotifications *' to 'CObserver<TNotifyObject> *'
BUILD: [01:0000006532:PROGC ] Warning(s) in directory "C:\wince800\platform\qemu\drivers\netkvm\common\".
BUILD: [01:0000006532:WARNN ] c:\wince800\platform\qemu\drivers\netkvm\common\parandis_common.cpp(1240) : warning C4800: 'ULONGLONG' : forcing value to bool 'true' or 'false' (performance warning)
BUILD: [01:0000006563:ERRORE] c:\wince800\platform\qemu\drivers\netkvm\common\parandis-util.h(864) : error C2143: syntax error : missing ')' before '...'
BUILD: [01:0000006563:ERRORE] c:\wince800\platform\qemu\drivers\netkvm\common\parandis-util.h(864) : error C2059: syntax error : ')'
BUILD: [01:0000007047:ERRORE] c:\wince800\platform\qemu\drivers\netkvm\common\parandis-util.h(523) : error C2440: 'return' : cannot convert from 'SMNotifications *' to 'CObserver<TNotifyObject> *'
BUILD: [01:0000007422:ERRORE] c:\wince800\platform\qemu\drivers\netkvm\common\parandis_debug.cpp(138) : error C2146: syntax error : missing ';' before identifier 'CallbackRecord'
BUILD: [01:0000007422:ERRORE] c:\wince800\platform\qemu\drivers\netkvm\common\parandis_debug.cpp(146) : error C2065: 'DPFLTR_DEFAULT_ID' : undeclared identifier
BUILD: [01:0000007422:ERRORE] c:\wince800\platform\qemu\drivers\netkvm\common\parandis_debug.cpp(146) : error C2065: 'DPFLTR_MASK' : undeclared identifier
BUILD: [01:0000007422:ERRORE] c:\wince800\platform\qemu\drivers\netkvm\common\parandis_debug.cpp(199) : error C3861: 'KeInitializeCallbackRecord': identifier not found
BUILD: [01:0000007422:ERRORE] c:\wince800\platform\qemu\drivers\netkvm\common\parandis_debug.cpp(205) : error C2065: 'pd' : undeclared identifier
BUILD: [01:0000007422:ERRORE] c:\wince800\platform\qemu\drivers\netkvm\common\parandis_debug.cpp(205) : error C3861: 'MmGetSystemRoutineAddress': identifier not found
BUILD: [01:0000007422:ERRORE] c:\wince800\platform\qemu\drivers\netkvm\common\parandis_debug.cpp(206) : error C2065: 'pd' : undeclared identifier
BUILD: [01:0000007422:ERRORE] c:\wince800\platform\qemu\drivers\netkvm\common\parandis_debug.cpp(227) : error C3861: 'BugCheckDeregisterCallback': identifier not found
BUILD: [01:0000007828:ERRORE] c:\wince800\platform\qemu\drivers\netkvm\common\parandis-util.h(523) : error C2440: 'return' : cannot convert from 'SMNotifications *' to 'CObserver<TNotifyObject> *'
BUILD: [01:0000008344:ERRORE] c:\wince800\platform\qemu\drivers\netkvm\common\parandis-util.h(523) : error C2440: 'return' : cannot convert from 'SMNotifications *' to 'CObserver<TNotifyObject> *'
BUILD: [01:0000008703:ERRORE] c:\wince800\platform\qemu\drivers\netkvm\common\parandis-util.h(523) : error C2440: 'return' : cannot convert from 'SMNotifications *' to 'CObserver<TNotifyObject> *'
BUILD: [01:0000009110:ERRORE] c:\wince800\platform\qemu\drivers\netkvm\common\parandis-util.h(523) : error C2440: 'return' : cannot convert from 'SMNotifications *' to 'CObserver<TNotifyObject> *'
BUILD: [01:0000009672:ERRORE] c:\wince800\platform\qemu\drivers\netkvm\common\parandis_tx.cpp(773) : error C2039: 'DmaHandle' : is not a member of '_PARANDIS_ADAPTER'
BUILD: [01:0000009672:ERRORE] c:\wince800\platform\qemu\drivers\netkvm\common\parandis_tx.cpp(781) : error C2039: 'DmaHandle' : is not a member of '_PARANDIS_ADAPTER'
BUILD: [01:0000009672:ERRORE] c:\wince800\platform\qemu\drivers\netkvm\common\parandis_tx.cpp(790) : error C2039: 'DmaHandle' : is not a member of '_PARANDIS_ADAPTER'
BUILD: [01:0000009688:ERRORE] c:\wince800\platform\qemu\drivers\netkvm\common\parandis_tx.cpp(983) : error C2059: syntax error : '{'
BUILD: [01:0000009688:ERRORE] c:\wince800\platform\qemu\drivers\netkvm\common\parandis_tx.cpp(983) : error C2143: syntax error : missing ';' before '{'
BUILD: [01:0000010063:ERRORE] c:\wince800\platform\qemu\drivers\netkvm\common\parandis_util.cpp(92) : error C3861: 'BitScanForward': identifier not found
BUILD: [01:0000010063:ERRORE] c:\wince800\platform\qemu\drivers\netkvm\common\parandis_util.cpp(98) : error C2065: 'INVALID_PROCESSOR_INDEX' : undeclared identifier
BUILD: [01:0000010453:ERRORE] c:\wince800\platform\qemu\drivers\netkvm\common\parandis_virtio.cpp(111) : error C2065: 'PCI_WHICHSPACE_CONFIG' : undeclared identifier
BUILD: [01:0000010453:ERRORE] c:\wince800\platform\qemu\drivers\netkvm\common\parandis_virtio.cpp(214) : error C2664: 'READ_REGISTER_ULONG' : cannot convert parameter 1 from 'ULONG_PTR' to 'volatile const ULONG *const '
BUILD: [01:0000010453:ERRORE] c:\wince800\platform\qemu\drivers\netkvm\common\parandis_virtio.cpp(239) : error C2664: 'READ_REGISTER_UCHAR' : cannot convert parameter 1 from 'ULONG_PTR' to 'volatile const UCHAR *const '
BUILD: [01:0000010453:ERRORE] c:\wince800\platform\qemu\drivers\netkvm\common\parandis_virtio.cpp(265) : error C2664: 'READ_REGISTER_USHORT' : cannot convert parameter 1 from 'ULONG_PTR' to 'volatile const USHORT *const '
BUILD: [01:0000010469:ERRORE] c:\wince800\platform\qemu\drivers\netkvm\common\parandis_virtio.cpp(397) : error C2065: 'PCI_WHICHSPACE_CONFIG' : undeclared identifier
BUILD: [01:0000010828:ERRORE] c:\wince800\platform\qemu\drivers\netkvm\common\parandis-util.h(454) : error C2039: 'GetListEntry' : is not a member of 'CTXDescriptor'
BUILD: [01:0000011188:ERRORE] c:\wince800\platform\qemu\drivers\netkvm\common\parandis-util.h(523) : error C2440: 'return' : cannot convert from 'SMNotifications *' to 'CObserver<TNotifyObject> *'
BUILD: [01:0000011235:ERRORE] NMAKE : fatal error U1077: 'C:\WINCE800\sdk\bin\i386\ARM\cl.exe' : return code '0x2'
BUILD: [01:0000011250:ERRORE] TargetCompilePass  -nologo BUILDMSG=Stop.  BUILDROOT=C:\WINCE800\platform\qemu /F C:\WINCE800\public\common\oak\misc\makefile.def NOLINK=1 NOPASS0=1 failed - rc = 2.
BUILD: [00:0000011266:PROGC ]                        Files  Warnings  Errors
BUILD: [00:0000011266:PROGC ] Midl                       0         0       0
BUILD: [00:0000011266:PROGC ] Message                    0         0       0
BUILD: [00:0000011266:PROGC ] Precomp Header             0         0       0
BUILD: [00:0000011266:PROGC ] Resource                   0         0       0
BUILD: [00:0000011266:PROGC ] XRPack                     0         0       0
BUILD: [00:0000011266:PROGC ] MASM                       0         0       0
BUILD: [00:0000011266:PROGC ] SHASM                      0         0       0
BUILD: [00:0000011266:PROGC ] ARMASM                     0         0       0
BUILD: [00:0000011266:PROGC ] C++                        0         1      31
BUILD: [00:0000011266:PROGC ] C                          0         0       0
BUILD: [00:0000011282:PROGC ] CheckLibs                  0         0       0
BUILD: [00:0000011282:PROGC ] Static Libraries           0         0       0
BUILD: [00:0000011282:PROGC ] Exe's                      0         0       0
BUILD: [00:0000011282:PROGC ] Dll's                      0         0       0
BUILD: [00:0000011282:PROGC ] Preprocess deffile         0         0       0
BUILD: [00:0000011282:PROGC ] Resx                       0         0       0
BUILD: [00:0000011282:PROGC ] CSharp Compile             0         0       0
BUILD: [00:0000011282:PROGC ] VCProj Compile             0         0       0
BUILD: [00:0000011282:PROGC ] NETCF Build                0         0       0
BUILD: [00:0000011282:PROGC ] Localization               0         0       0
BUILD: [00:0000011282:PROGC ] Other                      0         0       2
BUILD: [00:0000011282:PROGC ] 
BUILD: [00:0000011282:PROGC ] Total                      0         1      33
BUILD: [00:0000011282:PROGC ] 
BUILD: [00:0000011282:PROGC ] 1 Warnings,  33 Errors
BUILD: [00:0000011282:PROGC ] GetSystemTimes (seconds): Idle: 6     Kernel: 12    User: 10   
BUILD: [00:0000011282:PROGC ] Elapsed  time  (seconds): 11   
Build for Windows CE (Release 800) (Built on Apr  2 2013 01:37:43)
File names: Build.log Build.wrn Build.err BuildARMV7retail.dat
