c:\wince800\platform\qemu\drivers\netkvm\protocolservice\arm64\release\vc145.pdb
c:\wince800\platform\qemu\drivers\netkvm\protocolservice\arm64\release\uninstall.obj
c:\wince800\platform\qemu\drivers\netkvm\protocolservice\arm64\release\service.obj
c:\wince800\platform\qemu\drivers\netkvm\protocolservice\arm64\release\protocolservice.obj
c:\wince800\platform\qemu\drivers\netkvm\protocolservice\arm64\release\names.obj
c:\wince800\platform\qemu\drivers\netkvm\protocolservice\arm64\release\guid.obj
c:\wince800\platform\qemu\drivers\netkvm\protocolservice\arm64\netkvmp.exe
c:\wince800\platform\qemu\drivers\netkvm\protocolservice\arm64\netkvmp.pdb
c:\wince800\platform\qemu\drivers\netkvm\protocolservice\arm64\release\protocolservice.res
c:\wince800\platform\qemu\drivers\netkvm\protocolservice\arm64\netkvmp.ilk
c:\wince800\platform\qemu\drivers\netkvm\protocolservice\arm64\release\protocolservice.tlog\cl.command.1.tlog
c:\wince800\platform\qemu\drivers\netkvm\protocolservice\arm64\release\protocolservice.tlog\cl.items.tlog
c:\wince800\platform\qemu\drivers\netkvm\protocolservice\arm64\release\protocolservice.tlog\cl.read.1.tlog
c:\wince800\platform\qemu\drivers\netkvm\protocolservice\arm64\release\protocolservice.tlog\cl.write.1.tlog
c:\wince800\platform\qemu\drivers\netkvm\protocolservice\arm64\release\protocolservice.tlog\link.command.1.tlog
c:\wince800\platform\qemu\drivers\netkvm\protocolservice\arm64\release\protocolservice.tlog\link.read.1.tlog
c:\wince800\platform\qemu\drivers\netkvm\protocolservice\arm64\release\protocolservice.tlog\link.secondary.1.tlog
c:\wince800\platform\qemu\drivers\netkvm\protocolservice\arm64\release\protocolservice.tlog\link.write.1.tlog
c:\wince800\platform\qemu\drivers\netkvm\protocolservice\arm64\release\protocolservice.tlog\rc.command.1.tlog
c:\wince800\platform\qemu\drivers\netkvm\protocolservice\arm64\release\protocolservice.tlog\rc.read.1.tlog
c:\wince800\platform\qemu\drivers\netkvm\protocolservice\arm64\release\protocolservice.tlog\rc.write.1.tlog
