BUILD: [Thread:SystemTickCount:Type  ] Message
BUILD: [00:0000000000:PROGC ] Build started with parameters:
BUILD: [00:0000000000:PROGC ] Build started in directory: C:\WINCE800\platform\qemu\drivers\netkvm\ProtocolService
BUILD: [00:0000000000:PROG  ] Environment: ALLUSERSPROFILE=C:\ProgramData
BUILD: [00:0000000000:PROG  ] Environment: APPDATA=C:\Users\andyv\AppData\Roaming
BUILD: [00:0000000000:PROG  ] Environment: BSP_DISPLAY_HFLAT=1
BUILD: [00:0000000000:PROG  ] Environment: BSP_QEMU_BLDR=1
BUILD: [00:0000000000:PROG  ] Environment: BSP_QEMU_BOOT=1
BUILD: [00:0000000000:PROG  ] Environment: BSP_QEMU_KITL=1
BUILD: [00:0000000000:PROG  ] Environment: BSP_QEMU_LAN9118=1
BUILD: [00:0000000000:PROG  ] Environment: BSP_QEMU_NETKVM=1
BUILD: [00:0000000000:PROG  ] Environment: BSP_QEMU_OAL=1
BUILD: [00:0000000000:PROG  ] Environment: BSP_QEMU_PL011=1
BUILD: [00:0000000000:PROG  ] Environment: BSP_QEMU_PL041=1
BUILD: [00:0000000000:PROG  ] Environment: BSP_QEMU_PL050=1
BUILD: [00:0000000000:PROG  ] Environment: BSP_QEMU_VIRTIO=1
BUILD: [00:0000000000:PROG  ] Environment: BSP_QEMU_VIRTIOBLK=1
BUILD: [00:0000000000:PROG  ] Environment: BSP_QEMU_VIRTIOTABLET=1
BUILD: [00:0000000000:PROG  ] Environment: BUILD_DEFAULT=-nmake -nologo
BUILD: [00:0000000000:PROG  ] Environment: BUILD_MULTIPROCESSOR=0
BUILD: [00:0000000000:PROG  ] Environment: CEBASE=1
BUILD: [00:0000000000:PROG  ] Environment: CommonProgramFiles=C:\Program Files (x86)\Common Files
BUILD: [00:0000000000:PROG  ] Environment: CommonProgramFiles(Arm)=C:\Program Files (Arm)\Common Files
BUILD: [00:0000000000:PROG  ] Environment: CommonProgramFiles(x86)=C:\Program Files (x86)\Common Files
BUILD: [00:0000000000:PROG  ] Environment: CommonProgramW6432=C:\Program Files\Common Files
BUILD: [00:0000000000:PROG  ] Environment: COMPUTERNAME=ANDY_VM
BUILD: [00:0000000000:PROG  ] Environment: ComSpec=C:\WINDOWS\system32\cmd.exe
BUILD: [00:0000000000:PROG  ] Environment: COPYCMD=/y
BUILD: [00:0000000000:PROG  ] Environment: DEFAULT_LOCALE=en-US
BUILD: [00:0000000000:PROG  ] Environment: DriverData=C:\Windows\System32\Drivers\DriverData
BUILD: [00:0000000000:PROG  ] Environment: EFC_5160_1592913036=1
BUILD: [00:0000000000:PROG  ] Environment: FPS_BROWSER_APP_PROFILE_STRING=Internet Explorer
BUILD: [00:0000000000:PROG  ] Environment: FPS_BROWSER_USER_PROFILE_STRING=Default
BUILD: [00:0000000000:PROG  ] Environment: HOMEDRIVE=C:
BUILD: [00:0000000000:PROG  ] Environment: HOMEPATH=\Users\andyv
BUILD: [00:0000000000:PROG  ] Environment: IMGEBOOT=1
BUILD: [00:0000000000:PROG  ] Environment: IMGNODEBUGGER=1
BUILD: [00:0000000000:PROG  ] Environment: IMGNOKITL=1
BUILD: [00:0000000000:PROG  ] Environment: LOCALAPPDATA=C:\Users\andyv\AppData\Local
BUILD: [00:0000000000:PROG  ] Environment: LOCALE=0409
BUILD: [00:0000000000:PROG  ] Environment: LOGONSERVER=\\ANDY_VM
BUILD: [00:0000000000:PROG  ] Environment: MSBuildLoadMicrosoftTargetsReadOnly=true
BUILD: [00:0000000000:PROG  ] Environment: NUMBER_OF_PROCESSORS=2
BUILD: [00:0000000000:PROG  ] Environment: OneDrive=C:\Users\andyv\OneDrive
BUILD: [00:0000000000:PROG  ] Environment: OneDriveConsumer=C:\Users\andyv\OneDrive
BUILD: [00:0000000000:PROG  ] Environment: OS=Windows_NT
BUILD: [00:0000000000:PROG  ] Environment: Path=C:\WINCE800\sdk\bin\i386\ARM;C:\WINCE800\sdk\bin\i386;C:\WINCE800\sdk\bin\i386\ARM;C:\WINCE800\public\common\oak\Bin\i386;C:\WINCE800\private\bin\i386;C:\WINCE800\private\bat;C:\WINCE800\public\common\oak\misc;C:\WINCE800\developr\andyv;C:\WINDOWS\system32;C:\WINDOWS;C:\WINDOWS\System32\Wbem;C:\WINDOWS\System32\WindowsPowerShell\v1.0\;C:\WINDOWS\System32\OpenSSH\;C:\Program Files (x86)\Windows Kits\8.1\Windows Performance Toolkit\;C:\Program Files\Microsoft SQL Server\110\Tools\Binn\;C:\Program Files (x86)\Microsoft SDKs\TypeScript\1.0\;C:\Program Files\Microsoft SQL Server\120\Tools\Binn\;C:\Program Files (x86)\Windows Kits\10\Windows Performance Toolkit\;C:\Users\andyv\AppData\Local\Microsoft\WindowsApps;;C:\WINDOWS\system32;C:\WINDOWS;C:\Program Files (x86)\Microsoft Platform Builder\8.00\cepb\ideVS
BUILD: [00:0000000000:PROG  ] Environment: PATHEXT=.COM;.EXE;.BAT;.CMD;.VBS;.VBE;.JS;.JSE;.WSF;.WSH;.MSC
BUILD: [00:0000000000:PROG  ] Environment: PBCONFIG=QEMU_ARMV7 Release
BUILD: [00:0000000000:PROG  ] Environment: PBCONFIGTAG=C56D0BA2
BUILD: [00:0000000000:PROG  ] Environment: PBWORKSPACE=C:\WINCE800\OSDESI~1\QEMU\QEMU\QEMU~1.PBX
BUILD: [00:0000000000:PROG  ] Environment: PBWORKSPACEROOT=C:\WINCE800\OSDesigns\QEMU\QEMU
BUILD: [00:0000000000:PROG  ] Environment: PkgDefApplicationConfigFile=C:\Users\andyv\AppData\Local\Microsoft\VisualStudio\12.0\devenv.exe.config
BUILD: [00:0000000000:PROG  ] Environment: PROCESSOR_ARCHITECTURE=x86
BUILD: [00:0000000000:PROG  ] Environment: PROCESSOR_ARCHITEW6432=ARM64
BUILD: [00:0000000000:PROG  ] Environment: PROCESSOR_IDENTIFIER=ARMv8 (64-bit) Family 8 Model 0 Revision   0, Apple
BUILD: [00:0000000000:PROG  ] Environment: PROCESSOR_LEVEL=0
BUILD: [00:0000000000:PROG  ] Environment: PROCESSOR_REVISION=0000
BUILD: [00:0000000000:PROG  ] Environment: ProgramData=C:\ProgramData
BUILD: [00:0000000000:PROG  ] Environment: ProgramFiles=C:\Program Files (x86)
BUILD: [00:0000000000:PROG  ] Environment: ProgramFiles(Arm)=C:\Program Files (Arm)
BUILD: [00:0000000000:PROG  ] Environment: ProgramFiles(x86)=C:\Program Files (x86)
BUILD: [00:0000000000:PROG  ] Environment: ProgramW6432=C:\Program Files
BUILD: [00:0000000000:PROG  ] Environment: PROMPT=$P$G
BUILD: [00:0000000000:PROG  ] Environment: PSModulePath=C:\Program Files\WindowsPowerShell\Modules;C:\WINDOWS\system32\WindowsPowerShell\v1.0\Modules
BUILD: [00:0000000000:PROG  ] Environment: PUBLIC=C:\Users\Public
BUILD: [00:0000000000:PROG  ] Environment: SESSIONNAME=Console
BUILD: [00:0000000000:PROG  ] Environment: SG_OUTPUT_ROOT=C:\WINCE800\OSDesigns\QEMU\QEMU\Wince800\qemu_ARMV7_Retail\cesysgen
BUILD: [00:0000000000:PROG  ] Environment: SYSGEN_ACCESSIB=1
BUILD: [00:0000000000:PROG  ] Environment: SYSGEN_ATL=1
BUILD: [00:0000000000:PROG  ] Environment: SYSGEN_AUDIO=1
BUILD: [00:0000000000:PROG  ] Environment: SYSGEN_AUTH=1
BUILD: [00:0000000000:PROG  ] Environment: SYSGEN_AUTH_KERBEROS=1
BUILD: [00:0000000000:PROG  ] Environment: SYSGEN_AUTH_NTLM=1
BUILD: [00:0000000000:PROG  ] Environment: SYSGEN_AUTH_SCHANNEL=1
BUILD: [00:0000000000:PROG  ] Environment: SYSGEN_BINFS=1
BUILD: [00:0000000000:PROG  ] Environment: SYSGEN_BRIDGE=1
BUILD: [00:0000000000:PROG  ] Environment: SYSGEN_CACHEFILT=1
BUILD: [00:0000000000:PROG  ] Environment: SYSGEN_CERTS=1
BUILD: [00:0000000000:PROG  ] Environment: SYSGEN_CMD=1
BUILD: [00:0000000000:PROG  ] Environment: SYSGEN_CNG_CORE=1
BUILD: [00:0000000000:PROG  ] Environment: SYSGEN_CNG_KEYS=1
BUILD: [00:0000000000:PROG  ] Environment: SYSGEN_COMMCTRL=1
BUILD: [00:0000000000:PROG  ] Environment: SYSGEN_COMMDLG=1
BUILD: [00:0000000000:PROG  ] Environment: SYSGEN_CONNMC=1
BUILD: [00:0000000000:PROG  ] Environment: SYSGEN_CONNMGR2=1
BUILD: [00:0000000000:PROG  ] Environment: SYSGEN_CONSOLE=1
BUILD: [00:0000000000:PROG  ] Environment: SYSGEN_CREDMAN=1
BUILD: [00:0000000000:PROG  ] Environment: SYSGEN_CRYPTO=1
BUILD: [00:0000000000:PROG  ] Environment: SYSGEN_CRYPTO_DSSDH=1
BUILD: [00:0000000000:PROG  ] Environment: SYSGEN_CTLPNL2=1
BUILD: [00:0000000000:PROG  ] Environment: SYSGEN_CURSOR=1
BUILD: [00:0000000000:PROG  ] Environment: SYSGEN_DATETIMECPL=1
BUILD: [00:0000000000:PROG  ] Environment: SYSGEN_DCOM=1
BUILD: [00:0000000000:PROG  ] Environment: SYSGEN_DDRAW=1
BUILD: [00:0000000000:PROG  ] Environment: SYSGEN_DISPLAYCPL=1
BUILD: [00:0000000000:PROG  ] Environment: SYSGEN_DNSAPI=1
BUILD: [00:0000000000:PROG  ] Environment: SYSGEN_DSHOW=1
BUILD: [00:0000000000:PROG  ] Environment: SYSGEN_DSHOW_AVI=1
BUILD: [00:0000000000:PROG  ] Environment: SYSGEN_DSHOW_CAPTURE=1
BUILD: [00:0000000000:PROG  ] Environment: SYSGEN_DSHOW_HTTPSTREAMER=1
BUILD: [00:0000000000:PROG  ] Environment: SYSGEN_DSHOW_ICM=1
BUILD: [00:0000000000:PROG  ] Environment: SYSGEN_DSHOW_IMAGEDECODER=1
BUILD: [00:0000000000:PROG  ] Environment: SYSGEN_DSHOW_LOCALSTREAMER=1
BUILD: [00:0000000000:PROG  ] Environment: SYSGEN_DSHOW_MP3=1
BUILD: [00:0000000000:PROG  ] Environment: SYSGEN_DSHOW_MP4DEMUX=1
BUILD: [00:0000000000:PROG  ] Environment: SYSGEN_DSHOW_MPEG2DEMUX=1
BUILD: [00:0000000000:PROG  ] Environment: SYSGEN_DSHOW_MPEGA=1
BUILD: [00:0000000000:PROG  ] Environment: SYSGEN_DSHOW_MPEGSPLITTER=1
BUILD: [00:0000000000:PROG  ] Environment: SYSGEN_DSHOW_MPEGV=1
BUILD: [00:0000000000:PROG  ] Environment: SYSGEN_DSHOW_MSRLE=1
BUILD: [00:0000000000:PROG  ] Environment: SYSGEN_DSHOW_VMR=1
BUILD: [00:0000000000:PROG  ] Environment: SYSGEN_DSHOW_WMA=1
BUILD: [00:0000000000:PROG  ] Environment: SYSGEN_DSHOW_WMA_VOICE=1
BUILD: [00:0000000000:PROG  ] Environment: SYSGEN_DSHOW_WMT=1
BUILD: [00:0000000000:PROG  ] Environment: SYSGEN_EAP=1
BUILD: [00:0000000000:PROG  ] Environment: SYSGEN_EAPHOST=1
BUILD: [00:0000000000:PROG  ] Environment: SYSGEN_ETHERNETCPL=1
BUILD: [00:0000000000:PROG  ] Environment: SYSGEN_ETH_USB_HOST=1
BUILD: [00:0000000000:PROG  ] Environment: SYSGEN_FATFS=1
BUILD: [00:0000000000:PROG  ] Environment: SYSGEN_FATUTIL_NOUI=1
BUILD: [00:0000000000:PROG  ] Environment: SYSGEN_FIREWALL=1
BUILD: [00:0000000000:PROG  ] Environment: SYSGEN_FONTS_ARIAL=1
BUILD: [00:0000000000:PROG  ] Environment: SYSGEN_FONTS_ARIALBD=1
BUILD: [00:0000000000:PROG  ] Environment: SYSGEN_FONTS_ARIALBI=1
BUILD: [00:0000000000:PROG  ] Environment: SYSGEN_FONTS_ARIALI=1
BUILD: [00:0000000000:PROG  ] Environment: SYSGEN_FONTS_ARIBLK=1
BUILD: [00:0000000000:PROG  ] Environment: SYSGEN_FONTS_COMIC=1
BUILD: [00:0000000000:PROG  ] Environment: SYSGEN_FONTS_COMICBD=1
BUILD: [00:0000000000:PROG  ] Environment: SYSGEN_FONTS_COUR=1
BUILD: [00:0000000000:PROG  ] Environment: SYSGEN_FONTS_COURBD=1
BUILD: [00:0000000000:PROG  ] Environment: SYSGEN_FONTS_COURBI=1
BUILD: [00:0000000000:PROG  ] Environment: SYSGEN_FONTS_COURI=1
BUILD: [00:0000000000:PROG  ] Environment: SYSGEN_FONTS_GEORGIA=1
BUILD: [00:0000000000:PROG  ] Environment: SYSGEN_FONTS_GEORGIAB=1
BUILD: [00:0000000000:PROG  ] Environment: SYSGEN_FONTS_GEORGIAI=1
BUILD: [00:0000000000:PROG  ] Environment: SYSGEN_FONTS_GEORGIAZ=1
BUILD: [00:0000000000:PROG  ] Environment: SYSGEN_FONTS_MICROSS=1
BUILD: [00:0000000000:PROG  ] Environment: SYSGEN_FONTS_SEGOEUIB=1
BUILD: [00:0000000000:PROG  ] Environment: SYSGEN_FONTS_SEGOEUII=1
BUILD: [00:0000000000:PROG  ] Environment: SYSGEN_FONTS_SEGOEUIL=1
BUILD: [00:0000000000:PROG  ] Environment: SYSGEN_FONTS_SEGOEUIZ=1
BUILD: [00:0000000000:PROG  ] Environment: SYSGEN_FONTS_SEGUISB=1
BUILD: [00:0000000000:PROG  ] Environment: SYSGEN_FONTS_SYMBOL=1
BUILD: [00:0000000000:PROG  ] Environment: SYSGEN_FONTS_TAHOMA=1
BUILD: [00:0000000000:PROG  ] Environment: SYSGEN_FONTS_TAHOMABD=1
BUILD: [00:0000000000:PROG  ] Environment: SYSGEN_FONTS_TIMES=1
BUILD: [00:0000000000:PROG  ] Environment: SYSGEN_FONTS_TIMESBD=1
BUILD: [00:0000000000:PROG  ] Environment: SYSGEN_FONTS_TIMESBI=1
BUILD: [00:0000000000:PROG  ] Environment: SYSGEN_FONTS_TIMESI=1
BUILD: [00:0000000000:PROG  ] Environment: SYSGEN_FONTS_TREBUC=1
BUILD: [00:0000000000:PROG  ] Environment: SYSGEN_FONTS_TREBUCBD=1
BUILD: [00:0000000000:PROG  ] Environment: SYSGEN_FONTS_TREBUCBI=1
BUILD: [00:0000000000:PROG  ] Environment: SYSGEN_FONTS_TREBUCIT=1
BUILD: [00:0000000000:PROG  ] Environment: SYSGEN_FONTS_VERDANA=1
BUILD: [00:0000000000:PROG  ] Environment: SYSGEN_FONTS_VERDANAB=1
BUILD: [00:0000000000:PROG  ] Environment: SYSGEN_FONTS_VERDANAI=1
BUILD: [00:0000000000:PROG  ] Environment: SYSGEN_FONTS_VERDANAZ=1
BUILD: [00:0000000000:PROG  ] Environment: SYSGEN_FONTS_WEBDINGS=1
BUILD: [00:0000000000:PROG  ] Environment: SYSGEN_FONTS_WINGDING=1
BUILD: [00:0000000000:PROG  ] Environment: SYSGEN_FSDBASE=1
BUILD: [00:0000000000:PROG  ] Environment: SYSGEN_FSPASSWORD=1
BUILD: [00:0000000000:PROG  ] Environment: SYSGEN_FSRAMROM=1
BUILD: [00:0000000000:PROG  ] Environment: SYSGEN_GATEWAY=1
BUILD: [00:0000000000:PROG  ] Environment: SYSGEN_GATEWAY_LOGGING=1
BUILD: [00:0000000000:PROG  ] Environment: SYSGEN_GDI_FONTFIX=1
BUILD: [00:0000000000:PROG  ] Environment: SYSGEN_GDI_RASTERFONT=1
BUILD: [00:0000000000:PROG  ] Environment: SYSGEN_GESTUREANIMATION=1
BUILD: [00:0000000000:PROG  ] Environment: SYSGEN_HELP=1
BUILD: [00:0000000000:PROG  ] Environment: SYSGEN_IMM=1
BUILD: [00:0000000000:PROG  ] Environment: SYSGEN_INPUTCPL=1
BUILD: [00:0000000000:PROG  ] Environment: SYSGEN_IPSEC=1
BUILD: [00:0000000000:PROG  ] Environment: SYSGEN_JSCRIPT=1
BUILD: [00:0000000000:PROG  ] Environment: SYSGEN_LAP_PSWD=1
BUILD: [00:0000000000:PROG  ] Environment: SYSGEN_LARGEKB=1
BUILD: [00:0000000000:PROG  ] Environment: SYSGEN_LASS=1
BUILD: [00:0000000000:PROG  ] Environment: SYSGEN_LLTD_RESPONDER=1
BUILD: [00:0000000000:PROG  ] Environment: SYSGEN_LOCALAUDIO=1
BUILD: [00:0000000000:PROG  ] Environment: SYSGEN_MENU_OVERLAP=1
BUILD: [00:0000000000:PROG  ] Environment: SYSGEN_MENU_TAP_UI=1
BUILD: [00:0000000000:PROG  ] Environment: SYSGEN_MFC=1
BUILD: [00:0000000000:PROG  ] Environment: SYSGEN_MINGDI=1
BUILD: [00:0000000000:PROG  ] Environment: SYSGEN_MINGWES=1
BUILD: [00:0000000000:PROG  ] Environment: SYSGEN_MININPUT=1
BUILD: [00:0000000000:PROG  ] Environment: SYSGEN_MINSHELL=1
BUILD: [00:0000000000:PROG  ] Environment: SYSGEN_MINWMGR=1
BUILD: [00:0000000000:PROG  ] Environment: SYSGEN_MSHTML=1
BUILD: [00:0000000000:PROG  ] Environment: SYSGEN_MSIM=1
BUILD: [00:0000000000:PROG  ] Environment: SYSGEN_MSMQ=1
BUILD: [00:0000000000:PROG  ] Environment: SYSGEN_MSMQ_SRMP=1
BUILD: [00:0000000000:PROG  ] Environment: SYSGEN_MSXML=1
BUILD: [00:0000000000:PROG  ] Environment: SYSGEN_MULTIMON=1
BUILD: [00:0000000000:PROG  ] Environment: SYSGEN_MULTIUI=1
BUILD: [00:0000000000:PROG  ] Environment: SYSGEN_NDISUIO=1
BUILD: [00:0000000000:PROG  ] Environment: SYSGEN_NETAPI32=1
BUILD: [00:0000000000:PROG  ] Environment: SYSGEN_NETLOG=1
BUILD: [00:0000000000:PROG  ] Environment: SYSGEN_NETUTILS=1
BUILD: [00:0000000000:PROG  ] Environment: SYSGEN_NETWORKING=1
BUILD: [00:0000000000:PROG  ] Environment: SYSGEN_NET_WFP=1
BUILD: [00:0000000000:PROG  ] Environment: SYSGEN_NOTIFY=1
BUILD: [00:0000000000:PROG  ] Environment: SYSGEN_OLE=1
BUILD: [00:0000000000:PROG  ] Environment: SYSGEN_PDFVIEWER=1
BUILD: [00:0000000000:PROG  ] Environment: SYSGEN_PHYSICSENGINE=1
BUILD: [00:0000000000:PROG  ] Environment: SYSGEN_PM=1
BUILD: [00:0000000000:PROG  ] Environment: SYSGEN_REDIR=1
BUILD: [00:0000000000:PROG  ] Environment: SYSGEN_REGIONALCPL=1
BUILD: [00:0000000000:PROG  ] Environment: SYSGEN_RELFSD=1
BUILD: [00:0000000000:PROG  ] Environment: SYSGEN_SECURE_DDNS=1
BUILD: [00:0000000000:PROG  ] Environment: SYSGEN_SHELL=1
BUILD: [00:0000000000:PROG  ] Environment: SYSGEN_SHELLAPI=1
BUILD: [00:0000000000:PROG  ] Environment: SYSGEN_SNDSCHEMECPL=1
BUILD: [00:0000000000:PROG  ] Environment: SYSGEN_SOFTKB=1
BUILD: [00:0000000000:PROG  ] Environment: SYSGEN_STREAMAUDIO=1
BUILD: [00:0000000000:PROG  ] Environment: SYSGEN_STREAMAV=1
BUILD: [00:0000000000:PROG  ] Environment: SYSGEN_TOOLHELP=1
BUILD: [00:0000000000:PROG  ] Environment: SYSGEN_TOUCH=1
BUILD: [00:0000000000:PROG  ] Environment: SYSGEN_TOUCHGESTURE=1
BUILD: [00:0000000000:PROG  ] Environment: SYSGEN_UDFS=1
BUILD: [00:0000000000:PROG  ] Environment: SYSGEN_UIPROXY=1
BUILD: [00:0000000000:PROG  ] Environment: SYSGEN_UNISCRIBE=1
BUILD: [00:0000000000:PROG  ] Environment: SYSGEN_USB=1
BUILD: [00:0000000000:PROG  ] Environment: SYSGEN_USBFN=1
BUILD: [00:0000000000:PROG  ] Environment: SYSGEN_USB_HID=1
BUILD: [00:0000000000:PROG  ] Environment: SYSGEN_USB_HID_CLIENTS=1
BUILD: [00:0000000000:PROG  ] Environment: SYSGEN_USB_HID_KEYBOARD=1
BUILD: [00:0000000000:PROG  ] Environment: SYSGEN_USB_HID_MOUSE=1
BUILD: [00:0000000000:PROG  ] Environment: SYSGEN_USB_PRINTER=1
BUILD: [00:0000000000:PROG  ] Environment: SYSGEN_USB_STORAGE=1
BUILD: [00:0000000000:PROG  ] Environment: SYSGEN_VBSCRIPT=1
BUILD: [00:0000000000:PROG  ] Environment: SYSGEN_VIEWERSDEFAULTUI=1
BUILD: [00:0000000000:PROG  ] Environment: SYSGEN_WCELOAD=1
BUILD: [00:0000000000:PROG  ] Environment: SYSGEN_WGI_WIC=1
BUILD: [00:0000000000:PROG  ] Environment: SYSGEN_WININET=1
BUILD: [00:0000000000:PROG  ] Environment: SYSGEN_WSDAPI=1
BUILD: [00:0000000000:PROG  ] Environment: SYSGEN_WSDAPI_SAMPLES=1
BUILD: [00:0000000000:PROG  ] Environment: SYSGEN_XAMLIM=1
BUILD: [00:0000000000:PROG  ] Environment: SYSGEN_XAMLMSGBOX=1
BUILD: [00:0000000000:PROG  ] Environment: SYSGEN_XAML_RUNTIME=1
BUILD: [00:0000000000:PROG  ] Environment: SYSGEN_XMLLITE=1
BUILD: [00:0000000000:PROG  ] Environment: SystemDrive=C:
BUILD: [00:0000000000:PROG  ] Environment: SystemRoot=C:\WINDOWS
BUILD: [00:0000000000:PROG  ] Environment: TEMP=C:\Users\andyv\AppData\Local\Temp\bld_140162
BUILD: [00:0000000000:PROG  ] Environment: TMP=C:\Users\andyv\AppData\Local\Temp\bld_140162
BUILD: [00:0000000000:PROG  ] Environment: USERDOMAIN=ANDY_VM
BUILD: [00:0000000000:PROG  ] Environment: USERDOMAIN_ROAMINGPROFILE=ANDY_VM
BUILD: [00:0000000000:PROG  ] Environment: USERNAME=andyv
BUILD: [00:0000000000:PROG  ] Environment: USERPROFILE=C:\Users\andyv
BUILD: [00:0000000000:PROG  ] Environment: USING_PB_WORKSPACE_ENVIRONMENT=1
BUILD: [00:0000000000:PROG  ] Environment: VisualStudioDir=C:\Users\andyv\Documents\Visual Studio 2013
BUILD: [00:0000000000:PROG  ] Environment: VisualStudioEdition=Microsoft Visual Studio Professional 2013
BUILD: [00:0000000000:PROG  ] Environment: VisualStudioVersion=12.0
BUILD: [00:0000000000:PROG  ] Environment: VS110COMNTOOLS=C:\Program Files (x86)\Microsoft Visual Studio 11.0\Common7\Tools\
BUILD: [00:0000000000:PROG  ] Environment: VS120COMNTOOLS=C:\Program Files (x86)\Microsoft Visual Studio 12.0\Common7\Tools\
BUILD: [00:0000000000:PROG  ] Environment: VSLANG=1033
BUILD: [00:0000000000:PROG  ] Environment: WINCEDEBUG=retail
BUILD: [00:0000000000:PROG  ] Environment: WINCEMAP=1
BUILD: [00:0000000000:PROG  ] Environment: WINCEREL=1
BUILD: [00:0000000000:PROG  ] Environment: windir=C:\WINDOWS
BUILD: [00:0000000000:PROG  ] Environment: _BUILDOUTPUTFILTER_RUNNING=1
BUILD: [00:0000000000:PROG  ] Environment: _DEPTREES=winceos dcom wgi html netcf servers cellcore ossvcs shell directx ostest viewers CEBASE
BUILD: [00:0000000000:PROG  ] Environment: _DOTNET20ROOT=C:\WINDOWS\Microsoft.NET\Framework\v2.0.50727
BUILD: [00:0000000000:PROG  ] Environment: _DOTNET20SP2INSTALLED=1
BUILD: [00:0000000000:PROG  ] Environment: _DOTNET30ROOT=C:\WINDOWS\Microsoft.NET\Framework\v3.0
BUILD: [00:0000000000:PROG  ] Environment: _DOTNET30SP2INSTALLED=1
BUILD: [00:0000000000:PROG  ] Environment: _DOTNET35ROOT=C:\WINDOWS\Microsoft.NET\Framework\v3.5
BUILD: [00:0000000000:PROG  ] Environment: _DOTNET35SP1INSTALLED=1
BUILD: [00:0000000000:PROG  ] Environment: _DOTNET40CLIENTINSTALLED=1
BUILD: [00:0000000000:PROG  ] Environment: _DOTNET40FULLINSTALLED=1
BUILD: [00:0000000000:PROG  ] Environment: _DOTNET40ROOT=C:\Windows\Microsoft.NET\Framework\v4.0.30319
BUILD: [00:0000000000:PROG  ] Environment: _DOTNET45INSTALLED=1
BUILD: [00:0000000000:PROG  ] Environment: _DOTNETSDKROOT=C:\Windows\Microsoft.NET\Framework\v4.0.30319\
BUILD: [00:0000000000:PROG  ] Environment: _FLATRELEASEDIR=C:\WINCE800\OSDesigns\QEMU\QEMU\RelDir\QEMU_ARMV7_Release
BUILD: [00:0000000000:PROG  ] Environment: _HOSTCPUTYPE=i386
BUILD: [00:0000000000:PROG  ] Environment: _MAJORVERSION=8
BUILD: [00:0000000000:PROG  ] Environment: _MAKEENVROOT=C:\WINCE800\public\common\oak\misc
BUILD: [00:0000000000:PROG  ] Environment: _MINORVERSION=00
BUILD: [00:0000000000:PROG  ] Environment: _OSDESIGNDDKROOT=C:\WINCE800\OSDesigns\QEMU\QEMU\Wince800\qemu_ARMV7_Retail\ddk
BUILD: [00:0000000000:PROG  ] Environment: _OSDESIGNOAKROOT=C:\WINCE800\OSDesigns\QEMU\QEMU\Wince800\qemu_ARMV7_Retail\oak
BUILD: [00:0000000000:PROG  ] Environment: _OSDESIGNROOT=C:\WINCE800\OSDesigns\QEMU\QEMU
BUILD: [00:0000000000:PROG  ] Environment: _OSDESIGNSDKROOT=C:\WINCE800\OSDesigns\QEMU\QEMU\Wince800\qemu_ARMV7_Retail\sdk
BUILD: [00:0000000000:PROG  ] Environment: _PB_INSTALL_ROOT=C:\PROGRA~2\MIFAB2~1\8.00
BUILD: [00:0000000000:PROG  ] Environment: _PLATFORMDRIVE=C:
BUILD: [00:0000000000:PROG  ] Environment: _PLATFORMROOT=C:\WINCE800\platform
BUILD: [00:0000000000:PROG  ] Environment: _PREWINCEPATH=C:\WINDOWS\system32;C:\WINDOWS;C:\WINDOWS\System32\Wbem;C:\WINDOWS\System32\WindowsPowerShell\v1.0\;C:\WINDOWS\System32\OpenSSH\;C:\Program Files (x86)\Windows Kits\8.1\Windows Performance Toolkit\;C:\Program Files\Microsoft SQL Server\110\Tools\Binn\;C:\Program Files (x86)\Microsoft SDKs\TypeScript\1.0\;C:\Program Files\Microsoft SQL Server\120\Tools\Binn\;C:\Program Files (x86)\Windows Kits\10\Windows Performance Toolkit\;C:\Users\andyv\AppData\Local\Microsoft\WindowsApps;
BUILD: [00:0000000000:PROG  ] Environment: _PRIVATEDRIVE=C:
BUILD: [00:0000000000:PROG  ] Environment: _PRIVATEROOT=C:\WINCE800\private
BUILD: [00:0000000000:PROG  ] Environment: _PROJECTDDKROOT=C:\WINCE800\public\CEBASE\ddk
BUILD: [00:0000000000:PROG  ] Environment: _PROJECTOAKROOT=C:\WINCE800\public\CEBASE\oak
BUILD: [00:0000000000:PROG  ] Environment: _PROJECTROOT=C:\WINCE800\public\CEBASE
BUILD: [00:0000000000:PROG  ] Environment: _PROJECTSDKROOT=C:\WINCE800\public\CEBASE\sdk
BUILD: [00:0000000000:PROG  ] Environment: _PROJPUBLICROOT=C:\WINCE800\OSDesigns\QEMU\QEMU\WINCE800\PUBLIC
BUILD: [00:0000000000:PROG  ] Environment: _PUBLICDRIVE=C:
BUILD: [00:0000000000:PROG  ] Environment: _PUBLICROOT=C:\WINCE800\public
BUILD: [00:0000000000:PROG  ] Environment: _SDKDRIVE=C:
BUILD: [00:0000000000:PROG  ] Environment: _SDKROOT=C:\WINCE800\sdk
BUILD: [00:0000000000:PROG  ] Environment: _TARGETPLATROOT=C:\WINCE800\platform\qemu
BUILD: [00:0000000000:PROG  ] Environment: _TGTCPU=ARMV7
BUILD: [00:0000000000:PROG  ] Environment: _TGTCPUFAMILY=ARM
BUILD: [00:0000000000:PROG  ] Environment: _TGTCPUISA=V7
BUILD: [00:0000000000:PROG  ] Environment: _TGTOS=CE
BUILD: [00:0000000000:PROG  ] Environment: _TGTPLAT=qemu
BUILD: [00:0000000000:PROG  ] Environment: _TGTPROJ=CEBASE
BUILD: [00:0000000000:PROG  ] Environment: _TOOLSSDKDRIVE=C:
BUILD: [00:0000000000:PROG  ] Environment: _TOOLSSDKROOT=C:\WINCE800\tools\public\ext
BUILD: [00:0000000000:PROG  ] Environment: _WINCECALLED=1
BUILD: [00:0000000000:PROG  ] Environment: _WINCEDRIVE=C:
BUILD: [00:0000000000:PROG  ] Environment: _WINCEOSVER=800
BUILD: [00:0000000000:PROG  ] Environment: _WINCEROOT=C:\WINCE800
BUILD: [00:0000000000:PROGC ] Running passes WCEFILES0, MIDL, MC, ASN, THUNK, RUN_WPP, XRPACK, PRECOMPHEADER, COMPILE, RENUMBERICONIDS, RES2RES, LIB, EXPLIB, LINK, LOCALIZE, MANAGEDRESX, MANAGEDMOD, MANAGEDDLL, MANAGEDEXE, MANAGEDWIN, POSTBUILD for ARM.
BUILD: [00:0000000000:PROGC ] Loading database "C:\wince800\platform\qemu\BuildARMV7retail.dat".
BUILD: [00:0000000000:PROGC ] Done.
BUILD: [00:0000000000:PROGC ] Computing include file dependencies:
BUILD: [00:0000000000:PROG  ] Waiting for 1 worker threads.
BUILD: [01:0000000000:PROGC ] Scan C:\wince800\platform\qemu\drivers\netkvm\protocolservice\
BUILD: [00:0000001125:PROGC ] Directory scanning complete.
BUILD: [00:0000001125:PROGC ] Saving C:\wince800\platform\qemu\BuildARMV7retail.dat.
BUILD: [00:0000001125:INFO  ] Done.
BUILD: [00:0000001125:PROGC ] Saving Master Database complete.
BUILD: [00:0000001141:PROGC ] Starting WCEFILES0 Pass.
BUILD: [00:0000001172:PROGC ] Analyzing project dependency information for pass WCEFILES0.
BUILD: [00:0000001172:PROGC ] Starting MIDL Pass.
BUILD: [00:0000001172:PROGC ] Analyzing project dependency information for pass MIDL.
BUILD: [00:0000001172:PROGC ] Starting MC Pass.
BUILD: [00:0000001172:PROGC ] Analyzing project dependency information for pass MC.
BUILD: [00:0000001172:PROGC ] Starting ASN Pass.
BUILD: [00:0000001172:PROGC ] Analyzing project dependency information for pass ASN.
BUILD: [00:0000001172:PROGC ] Starting THUNK Pass.
BUILD: [00:0000001172:PROGC ] Analyzing project dependency information for pass THUNK.
BUILD: [00:0000001172:PROGC ] Starting RUN_WPP Pass.
BUILD: [00:0000001172:PROGC ] Analyzing project dependency information for pass RUN_WPP.
BUILD: [00:0000001172:PROGC ] Starting XRPACK Pass.
BUILD: [00:0000001172:PROGC ] Analyzing project dependency information for pass XRPACK.
BUILD: [00:0000001172:PROGC ] Starting PRECOMPHEADER Pass.
BUILD: [00:0000001172:PROGC ] Analyzing project dependency information for pass PRECOMPHEADER.
BUILD: [00:0000001172:PROGC ] Starting COMPILE Pass.
BUILD: [00:0000001172:PROGC ] Analyzing project dependency information for pass COMPILE.
BUILD: [00:0000001219:INFO  ] Will Build C:\wince800\platform\qemu\drivers\netkvm\protocolservice\Names.cpp because target: C:\wince800\platform\qemu\drivers\netkvm\protocolservice\obj\ARMV7\retail\Names.obj is missing.
BUILD: [00:0000001235:INFO  ] Will Build C:\wince800\platform\qemu\drivers\netkvm\protocolservice\ProtocolService.cpp because target: C:\wince800\platform\qemu\drivers\netkvm\protocolservice\obj\ARMV7\retail\ProtocolService.obj is missing.
BUILD: [00:0000001235:INFO  ] Will Build C:\wince800\platform\qemu\drivers\netkvm\protocolservice\Service.cpp because target: C:\wince800\platform\qemu\drivers\netkvm\protocolservice\obj\ARMV7\retail\Service.obj is missing.
BUILD: [00:0000001235:INFO  ] Will Build C:\wince800\platform\qemu\drivers\netkvm\protocolservice\uninstall.cpp because target: C:\wince800\platform\qemu\drivers\netkvm\protocolservice\obj\ARMV7\retail\uninstall.obj is missing.
BUILD: [00:0000001235:PROGC ] Building COMPILE Pass in C:\wince800\platform\qemu\drivers\netkvm\protocolservice\ directory.
BUILD: [00:0000001235:PROG  ] 'NMAKE.EXE TargetCompilePass  -nologo BUILDMSG=Stop.  BUILDROOT=C:\WINCE800\platform\qemu /F C:\WINCE800\public\common\oak\misc\makefile.def NOLINK=1 NOPASS0=1' (SYNCHRONIZE_BLOCK = 0)
BUILD: [00:0000001297:PROG  ] Waiting for 1 worker threads.
BUILD: [01:0000001329:INFO  ] makefile.def: Including C:\WINCE800\public\common\oak\misc\Sources.default
BUILD: [01:0000001329:INFO  ] makefile.def: BUILDROOT is C:\WINCE800\platform\qemu
BUILD: [01:0000001329:INFO  ] makefile.def: Including C:\WINCE800\platform\qemu\sources.cmn
BUILD: [01:0000001375:INFO  ] makefile.def: Including C:\wince800\platform\qemu\drivers\netkvm\protocolservice\sources
BUILD: [01:0000001375:INFO  ] makefile.def: Including C:\WINCE800\public\common\oak\misc\Sources.CE
BUILD: [01:0000001375:INFO  ] Directory: C:\wince800\platform\qemu\drivers\netkvm\protocolservice
BUILD: [01:0000001375:INFO  ] TARGETNAME: netkvmp
BUILD: [01:0000001375:INFO  ] makefile.def: Including C:\WINCE800\public\common\oak\misc\sources.ReleaseType_PLATFORM
BUILD: [01:0000001438:PROGC ] Compiling .\Names.cpp .\ProtocolService.cpp .\Service.cpp .\uninstall.cpp
BUILD: [01:0000001688:INFO  ] cl.exe -nologo   -FoC:\wince800\platform\qemu\drivers\netkvm\protocolservice\obj\ARMV7\retail\  /Gy -QRimplicit-import- /QRunaligned- -c -I. -IC:\WINCE800\public\common\oak\inc -IC:\WINCE800\public\common\sdk\inc -IC:\WINCE800\public\common\ddk\inc -IC:\WINCE800\OSDesigns\QEMU\QEMU\Wince800\qemu_ARMV7_Retail\cesysgen\sdk\atlmfc\include -IC:\WINCE800\public\html\sdk\inc -IC:\WINCE800\public\common\sdk\inc -IC:\WINCE800\public\common\oak\inc -IC:\WINCE800\public\common\ddk\inc -IC:\WINCE800\public\common\sdk\inc\cestl -IC:\WINCE800\public\common\sdk\inc\crt -I.\Resource\0409 -Ox -Os -Oy- -GF -Zi -FdC:\wince800\platform\qemu\drivers\netkvm\protocolservice\obj\ARMV7\retail\netkvmp.pdb -DTHUMBSUPPORT -D_CRT_SECURE_NO_DEPRECATE -D_USE_32BIT_TIME_T -DUNICODE -D_UNICODE -DUNDER_CE=800 -D_WIN32_WCE=0x0800 -DWINCEOEM -DWINCEINTERNAL -DWIN32 -DSTRICT -DARM -DARMV7 -D_ARM_ -D__RPC_ARM32__ -D_MIDL_USE_GUIDDEF_ -DNDEBUG=1  -D_WIN32_WCE=800 -DINTERNATIONAL -DINTLMSG_CODEPAGE=1252  -wd4007 -Zc:wchar_t- -Zc:forScope- -wd4867 -wd4430 -wd4603 -wd4627 -wd4100 -wd4201 -wd4115 -wd4214 -wd4049 -wd4505 -MT -U_MT /FC -W3     /GR- .\Names.cpp .\ProtocolService.cpp .\Service.cpp .\uninstall.cpp 
BUILD: [01:0000001844:INFO  ] Names.cpp
BUILD: [01:0000002625:PROGC ] Error(s) in directory "C:\wince800\platform\qemu\drivers\netkvm\protocolservice\".
BUILD: [01:0000002625:ERRORE] c:\wince800\platform\qemu\drivers\netkvm\protocolservice\names.h(11) : error C2065: 'SERVICE_CONTROL_STOP' : undeclared identifier
BUILD: [01:0000002641:ERRORE] c:\wince800\platform\qemu\drivers\netkvm\protocolservice\service.h(47) : error C2146: syntax error : missing ';' before identifier 'Handle'
BUILD: [01:0000002641:PROGC ] Warning(s) in directory "C:\wince800\platform\qemu\drivers\netkvm\protocolservice\".
BUILD: [01:0000002641:WARNN ] c:\wince800\platform\qemu\drivers\netkvm\protocolservice\service.h(47) : warning C4183: 'Handle': missing return type; assumed to be a member function returning 'int'
BUILD: [01:0000002704:ERRORE] c:\wince800\platform\qemu\drivers\netkvm\protocolservice\service.h(50) : error C2146: syntax error : missing ';' before identifier 'm_Handle'
BUILD: [01:0000002719:ERRORE] c:\wince800\platform\qemu\drivers\netkvm\protocolservice\service.h(8) : error C2065: 'm_Handle' : undeclared identifier
BUILD: [01:0000002719:ERRORE] c:\wince800\platform\qemu\drivers\netkvm\protocolservice\service.h(8) : error C2065: 'SC_MANAGER_ENUMERATE_SERVICE' : undeclared identifier
BUILD: [01:0000002719:ERRORE] c:\wince800\platform\qemu\drivers\netkvm\protocolservice\service.h(8) : error C2065: 'SC_MANAGER_ALL_ACCESS' : undeclared identifier
BUILD: [01:0000002719:ERRORE] c:\wince800\platform\qemu\drivers\netkvm\protocolservice\service.h(8) : error C3861: 'OpenSCManager': identifier not found
BUILD: [01:0000002719:ERRORE] c:\wince800\platform\qemu\drivers\netkvm\protocolservice\service.h(9) : error C2065: 'm_Handle' : undeclared identifier
BUILD: [01:0000002735:ERRORE] c:\wince800\platform\qemu\drivers\netkvm\protocolservice\service.h(16) : error C2065: 'm_Handle' : undeclared identifier
BUILD: [01:0000002735:ERRORE] c:\wince800\platform\qemu\drivers\netkvm\protocolservice\service.h(18) : error C2065: 'm_Handle' : undeclared identifier
BUILD: [01:0000002735:ERRORE] c:\wince800\platform\qemu\drivers\netkvm\protocolservice\service.h(18) : error C3861: 'CloseServiceHandle': identifier not found
BUILD: [01:0000002735:ERRORE] c:\wince800\platform\qemu\drivers\netkvm\protocolservice\service.h(25) : error C2065: 'SC_HANDLE' : undeclared identifier
BUILD: [01:0000002735:ERRORE] c:\wince800\platform\qemu\drivers\netkvm\protocolservice\service.h(25) : error C2146: syntax error : missing ';' before identifier 'h'
BUILD: [01:0000002735:ERRORE] c:\wince800\platform\qemu\drivers\netkvm\protocolservice\service.h(25) : error C2065: 'h' : undeclared identifier
BUILD: [01:0000002735:ERRORE] c:\wince800\platform\qemu\drivers\netkvm\protocolservice\service.h(25) : error C2065: 'm_Handle' : undeclared identifier
BUILD: [01:0000002735:ERRORE] c:\wince800\platform\qemu\drivers\netkvm\protocolservice\service.h(26) : error C2065: 'SERVICE_STOP' : undeclared identifier
BUILD: [01:0000002735:ERRORE] c:\wince800\platform\qemu\drivers\netkvm\protocolservice\service.h(26) : error C2065: 'SERVICE_START' : undeclared identifier
BUILD: [01:0000002735:ERRORE] c:\wince800\platform\qemu\drivers\netkvm\protocolservice\service.h(26) : error C2065: 'SERVICE_QUERY_STATUS' : undeclared identifier
BUILD: [01:0000002735:ERRORE] c:\wince800\platform\qemu\drivers\netkvm\protocolservice\service.h(25) : error C3861: 'CreateService': identifier not found
BUILD: [01:0000002735:ERRORE] c:\wince800\platform\qemu\drivers\netkvm\protocolservice\service.h(36) : error C2065: 'h' : undeclared identifier
BUILD: [01:0000002735:ERRORE] c:\wince800\platform\qemu\drivers\netkvm\protocolservice\service.h(39) : error C2065: 'h' : undeclared identifier
BUILD: [01:0000002735:ERRORE] c:\wince800\platform\qemu\drivers\netkvm\protocolservice\service.h(39) : error C3861: 'CloseServiceHandle': identifier not found
BUILD: [01:0000002735:ERRORE] c:\wince800\platform\qemu\drivers\netkvm\protocolservice\service.h(45) : error C2065: 'h' : undeclared identifier
BUILD: [01:0000002735:ERRORE] c:\wince800\platform\qemu\drivers\netkvm\protocolservice\service.h(47) : error C2065: 'm_Handle' : undeclared identifier
BUILD: [01:0000002735:ERRORE] c:\wince800\platform\qemu\drivers\netkvm\protocolservice\service.h(181) : error C2061: syntax error : identifier 'PSERVICE_NOTIFY'
BUILD: [01:0000002735:ERRORE] c:\wince800\platform\qemu\drivers\netkvm\protocolservice\service.h(199) : error C2146: syntax error : missing ';' before identifier 'm_Handle'
BUILD: [01:0000002735:ERRORE] c:\wince800\platform\qemu\drivers\netkvm\protocolservice\service.h(200) : error C2146: syntax error : missing ';' before identifier 'm_Status'
BUILD: [01:0000002735:ERRORE] c:\wince800\platform\qemu\drivers\netkvm\protocolservice\service.h(59) : error C2614: 'CService' : illegal member initialization: 'm_Handle' is not a base or member
BUILD: [01:0000002750:ERRORE] c:\wince800\platform\qemu\drivers\netkvm\protocolservice\service.h(60) : error C2065: 'SERVICE_QUERY_STATUS' : undeclared identifier
BUILD: [01:0000002750:ERRORE] c:\wince800\platform\qemu\drivers\netkvm\protocolservice\service.h(63) : error C2065: 'SERVICE_STOP' : undeclared identifier
BUILD: [01:0000002750:ERRORE] c:\wince800\platform\qemu\drivers\netkvm\protocolservice\service.h(63) : error C2065: 'SERVICE_START' : undeclared identifier
BUILD: [01:0000002750:ERRORE] c:\wince800\platform\qemu\drivers\netkvm\protocolservice\service.h(67) : error C2065: 'm_Handle' : undeclared identifier
BUILD: [01:0000002750:ERRORE] c:\wince800\platform\qemu\drivers\netkvm\protocolservice\service.h(67) : error C3861: 'OpenService': identifier not found
BUILD: [01:0000002750:ERRORE] c:\wince800\platform\qemu\drivers\netkvm\protocolservice\service.h(70) : error C2065: 'm_Handle' : undeclared identifier
BUILD: [01:0000002750:ERRORE] c:\wince800\platform\qemu\drivers\netkvm\protocolservice\service.h(77) : error C2065: 'm_Handle' : undeclared identifier
BUILD: [01:0000002750:ERRORE] c:\wince800\platform\qemu\drivers\netkvm\protocolservice\service.h(79) : error C2065: 'm_Handle' : undeclared identifier
BUILD: [01:0000002750:ERRORE] c:\wince800\platform\qemu\drivers\netkvm\protocolservice\service.h(79) : error C3861: 'CloseServiceHandle': identifier not found
BUILD: [01:0000002750:ERRORE] c:\wince800\platform\qemu\drivers\netkvm\protocolservice\service.h(84) : error C2065: 'm_Handle' : undeclared identifier
BUILD: [01:0000002750:ERRORE] c:\wince800\platform\qemu\drivers\netkvm\protocolservice\service.h(88) : error C2065: 'm_Handle' : undeclared identifier
BUILD: [01:0000002750:ERRORE] c:\wince800\platform\qemu\drivers\netkvm\protocolservice\service.h(88) : error C2065: 'SERVICE_CONTROL_STOP' : undeclared identifier
BUILD: [01:0000002750:ERRORE] c:\wince800\platform\qemu\drivers\netkvm\protocolservice\service.h(88) : error C2065: 'm_Status' : undeclared identifier
BUILD: [01:0000002750:ERRORE] c:\wince800\platform\qemu\drivers\netkvm\protocolservice\service.h(88) : error C3861: 'ControlService': identifier not found
BUILD: [01:0000002750:ERRORE] c:\wince800\platform\qemu\drivers\netkvm\protocolservice\service.h(99) : error C2065: 'm_Handle' : undeclared identifier
BUILD: [01:0000002750:ERRORE] c:\wince800\platform\qemu\drivers\netkvm\protocolservice\service.h(103) : error C2065: 'm_Handle' : undeclared identifier
BUILD: [01:0000002750:ERRORE] c:\wince800\platform\qemu\drivers\netkvm\protocolservice\service.h(103) : error C3861: 'StartService': identifier not found
BUILD: [01:0000002750:ERRORE] c:\wince800\platform\qemu\drivers\netkvm\protocolservice\service.h(114) : error C2065: 'm_Handle' : undeclared identifier
BUILD: [01:0000002750:ERRORE] c:\wince800\platform\qemu\drivers\netkvm\protocolservice\service.h(118) : error C2065: 'm_Handle' : undeclared identifier
BUILD: [01:0000003469:ERRORE] c:\wince800\platform\qemu\drivers\netkvm\protocolservice\service.h(118) : error C2065: 'm_Status' : undeclared identifier
BUILD: [01:0000003469:ERRORE] c:\wince800\platform\qemu\drivers\netkvm\protocolservice\service.h(118) : error C3861: 'QueryServiceStatus': identifier not found
BUILD: [01:0000003469:ERRORE] c:\wince800\platform\qemu\drivers\netkvm\protocolservice\service.h(122) : error C2065: 'm_Status' : undeclared identifier
BUILD: [01:0000003485:ERRORE] c:\wince800\platform\qemu\drivers\netkvm\protocolservice\service.h(122) : error C2228: left of '.dwCurrentState' must have class/struct/union
BUILD: [01:0000003485:INFO  ]         type is ''unknown-type''
BUILD: [01:0000003485:ERRORE] c:\wince800\platform\qemu\drivers\netkvm\protocolservice\service.h(129) : error C2065: 'm_Handle' : undeclared identifier
BUILD: [01:0000003485:ERRORE] c:\wince800\platform\qemu\drivers\netkvm\protocolservice\service.h(133) : error C2065: 'm_Handle' : undeclared identifier
BUILD: [01:0000003485:ERRORE] c:\wince800\platform\qemu\drivers\netkvm\protocolservice\service.h(133) : error C3861: 'DeleteService': identifier not found
BUILD: [01:0000003485:ERRORE] c:\wince800\platform\qemu\drivers\netkvm\protocolservice\service.h(152) : error C2065: 'SERVICE_STOPPED' : undeclared identifier
BUILD: [01:0000003485:ERRORE] c:\wince800\platform\qemu\drivers\netkvm\protocolservice\service.h(152) : error C2065: 'SERVICE_STOP_PENDING' : undeclared identifier
BUILD: [01:0000003485:ERRORE] c:\wince800\platform\qemu\drivers\netkvm\protocolservice\service.h(161) : error C2065: 'SERVICE_RUNNING' : undeclared identifier
BUILD: [01:0000003485:ERRORE] c:\wince800\platform\qemu\drivers\netkvm\protocolservice\service.h(183) : error C2065: 'm_Handle' : undeclared identifier
BUILD: [01:0000003485:ERRORE] c:\wince800\platform\qemu\drivers\netkvm\protocolservice\service.h(187) : error C2065: 'm_Status' : undeclared identifier
BUILD: [01:0000003485:ERRORE] c:\wince800\platform\qemu\drivers\netkvm\protocolservice\service.h(187) : error C2228: left of '.dwServiceType' must have class/struct/union
BUILD: [01:0000003485:INFO  ]         type is ''unknown-type''
BUILD: [01:0000003485:ERRORE] c:\wince800\platform\qemu\drivers\netkvm\protocolservice\service.h(192) : error C2065: 'm_Handle' : undeclared identifier
BUILD: [01:0000003485:ERRORE] c:\wince800\platform\qemu\drivers\netkvm\protocolservice\service.h(192) : error C2065: 'pNotify' : undeclared identifier
BUILD: [01:0000003485:ERRORE] c:\wince800\platform\qemu\drivers\netkvm\protocolservice\service.h(192) : error C3861: 'NotifyServiceStatusChange': identifier not found
BUILD: [01:0000003485:ERRORE] c:\wince800\platform\qemu\drivers\netkvm\protocolservice\service.h(293) : error C2864: 'CServiceImplementation::m_StopEvent' : only static const integral data members can be initialized within a class
BUILD: [01:0000003485:ERRORE] c:\wince800\platform\qemu\drivers\netkvm\protocolservice\service.h(307) : error C2146: syntax error : missing ';' before identifier 'hService'
BUILD: [01:0000003500:ERRORE] c:\wince800\platform\qemu\drivers\netkvm\protocolservice\service.h(308) : error C2146: syntax error : missing ';' before identifier 'status'
BUILD: [01:0000003500:ERRORE] c:\wince800\platform\qemu\drivers\netkvm\protocolservice\service.h(216) : error C2065: 'WTS_CURRENT_SERVER_HANDLE' : undeclared identifier
BUILD: [01:0000003500:ERRORE] c:\wince800\platform\qemu\drivers\netkvm\protocolservice\service.h(216) : error C2065: 'WTS_CURRENT_SESSION' : undeclared identifier
BUILD: [01:0000003500:ERRORE] c:\wince800\platform\qemu\drivers\netkvm\protocolservice\service.h(217) : error C2065: 'WTSSessionId' : undeclared identifier
BUILD: [01:0000003500:ERRORE] c:\wince800\platform\qemu\drivers\netkvm\protocolservice\service.h(216) : error C3861: 'WTSQuerySessionInformationA': identifier not found
BUILD: [01:0000003500:ERRORE] c:\wince800\platform\qemu\drivers\netkvm\protocolservice\service.h(221) : error C3861: 'WTSFreeMemory': identifier not found
BUILD: [01:0000003500:ERRORE] c:\wince800\platform\qemu\drivers\netkvm\protocolservice\service.h(225) : error C2065: 'SERVICE_TABLE_ENTRY' : undeclared identifier
BUILD: [01:0000003500:ERRORE] c:\wince800\platform\qemu\drivers\netkvm\protocolservice\service.h(225) : error C2065: 'table' : undeclared identifier
BUILD: [01:0000003500:ERRORE] c:\wince800\platform\qemu\drivers\netkvm\protocolservice\service.h(225) : error C2061: syntax error : identifier 'SERVICE_TABLE_ENTRY'
BUILD: [01:0000003500:ERRORE] c:\wince800\platform\qemu\drivers\netkvm\protocolservice\service.h(226) : error C2065: 'table' : undeclared identifier
BUILD: [01:0000003500:ERRORE] c:\wince800\platform\qemu\drivers\netkvm\protocolservice\service.h(226) : error C2228: left of '.lpServiceName' must have class/struct/union
BUILD: [01:0000003500:ERRORE] c:\wince800\platform\qemu\drivers\netkvm\protocolservice\service.h(227) : error C2065: 'table' : undeclared identifier
BUILD: [01:0000003500:ERRORE] c:\wince800\platform\qemu\drivers\netkvm\protocolservice\service.h(227) : error C2228: left of '.lpServiceProc' must have class/struct/union
BUILD: [01:0000003500:ERRORE] c:\wince800\platform\qemu\drivers\netkvm\protocolservice\service.h(231) : error C2065: 'table' : undeclared identifier
BUILD: [01:0000003500:ERRORE] c:\wince800\platform\qemu\drivers\netkvm\protocolservice\service.h(231) : error C2228: left of '.lpServiceName' must have class/struct/union
BUILD: [01:0000003500:ERRORE] c:\wince800\platform\qemu\drivers\netkvm\protocolservice\service.h(232) : error C2065: 'table' : undeclared identifier
BUILD: [01:0000003500:ERRORE] c:\wince800\platform\qemu\drivers\netkvm\protocolservice\service.h(232) : error C2228: left of '.lpServiceProc' must have class/struct/union
BUILD: [01:0000003516:ERRORE] c:\wince800\platform\qemu\drivers\netkvm\protocolservice\service.h(253) : error C2065: 'table' : undeclared identifier
BUILD: [01:0000003532:ERRORE] c:\wince800\platform\qemu\drivers\netkvm\protocolservice\service.h(253) : error C3861: 'StartServiceCtrlDispatcher': identifier not found
BUILD: [01:0000003532:ERRORE] c:\wince800\platform\qemu\drivers\netkvm\protocolservice\service.h(254) : error C2065: 'table' : undeclared identifier
BUILD: [01:0000003532:ERRORE] c:\wince800\platform\qemu\drivers\netkvm\protocolservice\service.h(254) : error C2541: 'delete' : cannot delete objects that are not pointers
BUILD: [01:0000003532:ERRORE] c:\wince800\platform\qemu\drivers\netkvm\protocolservice\service.h(299) : error C2065: 'status' : undeclared identifier
BUILD: [01:0000003532:ERRORE] c:\wince800\platform\qemu\drivers\netkvm\protocolservice\service.h(299) : error C2228: left of '.dwServiceType' must have class/struct/union
BUILD: [01:0000003532:INFO  ]         type is ''unknown-type''
BUILD: [01:0000003532:ERRORE] c:\wince800\platform\qemu\drivers\netkvm\protocolservice\service.h(300) : error C2065: 'status' : undeclared identifier
BUILD: [01:0000003532:ERRORE] c:\wince800\platform\qemu\drivers\netkvm\protocolservice\service.h(300) : error C2228: left of '.dwCurrentState' must have class/struct/union
BUILD: [01:0000003532:INFO  ]         type is ''unknown-type''
BUILD: [01:0000003532:ERRORE] c:\wince800\platform\qemu\drivers\netkvm\protocolservice\service.h(300) : error C2065: 'SERVICE_STOPPED' : undeclared identifier
BUILD: [01:0000003532:ERRORE] c:\wince800\platform\qemu\drivers\netkvm\protocolservice\service.h(301) : error C2065: 'status' : undeclared identifier
BUILD: [01:0000003532:ERRORE] c:\wince800\platform\qemu\drivers\netkvm\protocolservice\service.h(301) : error C2228: left of '.dwControlsAccepted' must have class/struct/union
BUILD: [01:0000003532:INFO  ]         type is ''unknown-type''
BUILD: [01:0000003532:ERRORE] c:\wince800\platform\qemu\drivers\netkvm\protocolservice\service.h(301) : error C2065: 'SERVICE_ACCEPT_STOP' : undeclared identifier
BUILD: [01:0000003532:ERRORE] c:\wince800\platform\qemu\drivers\netkvm\protocolservice\service.h(301) : error C2065: 'SERVICE_ACCEPT_SESSIONCHANGE' : undeclared identifier
BUILD: [01:0000003532:ERRORE] c:\wince800\platform\qemu\drivers\netkvm\protocolservice\service.h(302) : error C2065: 'status' : undeclared identifier
BUILD: [01:0000003547:ERRORE] c:\wince800\platform\qemu\drivers\netkvm\protocolservice\service.h(302) : error C2228: left of '.dwWaitHint' must have class/struct/union
BUILD: [01:0000003547:INFO  ]         type is ''unknown-type''
BUILD: [01:0000003547:ERRORE] c:\wince800\platform\qemu\drivers\netkvm\protocolservice\service.h(303) : error C2065: 'status' : undeclared identifier
BUILD: [01:0000003547:ERRORE] c:\wince800\platform\qemu\drivers\netkvm\protocolservice\service.h(303) : error C2228: left of '.dwCheckPoint' must have class/struct/union
BUILD: [01:0000003563:INFO  ]         type is ''unknown-type''
BUILD: [01:0000003563:ERRORE] c:\wince800\platform\qemu\drivers\netkvm\protocolservice\service.h(304) : error C2065: 'status' : undeclared identifier
BUILD: [01:0000003563:ERRORE] c:\wince800\platform\qemu\drivers\netkvm\protocolservice\service.h(304) : error C2228: left of '.dwWin32ExitCode' must have class/struct/union
BUILD: [01:0000003579:ERRORE] c:\wince800\platform\qemu\drivers\netkvm\protocolservice\service.h(304) : fatal error C1003: error count exceeds 100; stopping compilation
BUILD: [01:0000003579:INFO  ] ProtocolService.cpp
BUILD: [01:0000004204:ERRORE] c:\wince800\platform\qemu\drivers\netkvm\protocolservice\names.h(11) : error C2065: 'SERVICE_CONTROL_STOP' : undeclared identifier
BUILD: [01:0000004219:ERRORE] c:\wince800\platform\qemu\drivers\netkvm\protocolservice\service.h(47) : error C2146: syntax error : missing ';' before identifier 'Handle'
BUILD: [01:0000004219:WARNN ] c:\wince800\platform\qemu\drivers\netkvm\protocolservice\service.h(47) : warning C4183: 'Handle': missing return type; assumed to be a member function returning 'int'
BUILD: [01:0000004235:ERRORE] c:\wince800\platform\qemu\drivers\netkvm\protocolservice\service.h(50) : error C2146: syntax error : missing ';' before identifier 'm_Handle'
BUILD: [01:0000004235:ERRORE] c:\wince800\platform\qemu\drivers\netkvm\protocolservice\service.h(8) : error C2065: 'm_Handle' : undeclared identifier
BUILD: [01:0000004282:ERRORE] c:\wince800\platform\qemu\drivers\netkvm\protocolservice\service.h(8) : error C2065: 'SC_MANAGER_ENUMERATE_SERVICE' : undeclared identifier
BUILD: [01:0000004282:ERRORE] c:\wince800\platform\qemu\drivers\netkvm\protocolservice\service.h(8) : error C2065: 'SC_MANAGER_ALL_ACCESS' : undeclared identifier
BUILD: [01:0000004297:ERRORE] c:\wince800\platform\qemu\drivers\netkvm\protocolservice\service.h(8) : error C3861: 'OpenSCManager': identifier not found
BUILD: [01:0000004297:ERRORE] c:\wince800\platform\qemu\drivers\netkvm\protocolservice\service.h(9) : error C2065: 'm_Handle' : undeclared identifier
BUILD: [01:0000004297:ERRORE] c:\wince800\platform\qemu\drivers\netkvm\protocolservice\service.h(16) : error C2065: 'm_Handle' : undeclared identifier
BUILD: [01:0000004297:ERRORE] c:\wince800\platform\qemu\drivers\netkvm\protocolservice\service.h(18) : error C2065: 'm_Handle' : undeclared identifier
BUILD: [01:0000004297:ERRORE] c:\wince800\platform\qemu\drivers\netkvm\protocolservice\service.h(18) : error C3861: 'CloseServiceHandle': identifier not found
BUILD: [01:0000004297:ERRORE] c:\wince800\platform\qemu\drivers\netkvm\protocolservice\service.h(25) : error C2065: 'SC_HANDLE' : undeclared identifier
BUILD: [01:0000004297:ERRORE] c:\wince800\platform\qemu\drivers\netkvm\protocolservice\service.h(25) : error C2146: syntax error : missing ';' before identifier 'h'
BUILD: [01:0000004313:ERRORE] c:\wince800\platform\qemu\drivers\netkvm\protocolservice\service.h(25) : error C2065: 'h' : undeclared identifier
BUILD: [01:0000004313:ERRORE] c:\wince800\platform\qemu\drivers\netkvm\protocolservice\service.h(25) : error C2065: 'm_Handle' : undeclared identifier
BUILD: [01:0000004313:ERRORE] c:\wince800\platform\qemu\drivers\netkvm\protocolservice\service.h(26) : error C2065: 'SERVICE_STOP' : undeclared identifier
BUILD: [01:0000004313:ERRORE] c:\wince800\platform\qemu\drivers\netkvm\protocolservice\service.h(26) : error C2065: 'SERVICE_START' : undeclared identifier
BUILD: [01:0000004313:ERRORE] c:\wince800\platform\qemu\drivers\netkvm\protocolservice\service.h(26) : error C2065: 'SERVICE_QUERY_STATUS' : undeclared identifier
BUILD: [01:0000004313:ERRORE] c:\wince800\platform\qemu\drivers\netkvm\protocolservice\service.h(25) : error C3861: 'CreateService': identifier not found
BUILD: [01:0000004313:ERRORE] c:\wince800\platform\qemu\drivers\netkvm\protocolservice\service.h(36) : error C2065: 'h' : undeclared identifier
BUILD: [01:0000004313:ERRORE] c:\wince800\platform\qemu\drivers\netkvm\protocolservice\service.h(39) : error C2065: 'h' : undeclared identifier
BUILD: [01:0000004313:ERRORE] c:\wince800\platform\qemu\drivers\netkvm\protocolservice\service.h(39) : error C3861: 'CloseServiceHandle': identifier not found
BUILD: [01:0000004313:ERRORE] c:\wince800\platform\qemu\drivers\netkvm\protocolservice\service.h(45) : error C2065: 'h' : undeclared identifier
BUILD: [01:0000004313:ERRORE] c:\wince800\platform\qemu\drivers\netkvm\protocolservice\service.h(47) : error C2065: 'm_Handle' : undeclared identifier
BUILD: [01:0000004329:ERRORE] c:\wince800\platform\qemu\drivers\netkvm\protocolservice\service.h(181) : error C2061: syntax error : identifier 'PSERVICE_NOTIFY'
BUILD: [01:0000004329:ERRORE] c:\wince800\platform\qemu\drivers\netkvm\protocolservice\service.h(199) : error C2146: syntax error : missing ';' before identifier 'm_Handle'
BUILD: [01:0000004344:ERRORE] c:\wince800\platform\qemu\drivers\netkvm\protocolservice\service.h(200) : error C2146: syntax error : missing ';' before identifier 'm_Status'
BUILD: [01:0000004344:ERRORE] c:\wince800\platform\qemu\drivers\netkvm\protocolservice\service.h(59) : error C2614: 'CService' : illegal member initialization: 'm_Handle' is not a base or member
BUILD: [01:0000004344:ERRORE] c:\wince800\platform\qemu\drivers\netkvm\protocolservice\service.h(60) : error C2065: 'SERVICE_QUERY_STATUS' : undeclared identifier
BUILD: [01:0000004344:ERRORE] c:\wince800\platform\qemu\drivers\netkvm\protocolservice\service.h(63) : error C2065: 'SERVICE_STOP' : undeclared identifier
BUILD: [01:0000004375:ERRORE] c:\wince800\platform\qemu\drivers\netkvm\protocolservice\service.h(63) : error C2065: 'SERVICE_START' : undeclared identifier
BUILD: [01:0000004391:ERRORE] c:\wince800\platform\qemu\drivers\netkvm\protocolservice\service.h(67) : error C2065: 'm_Handle' : undeclared identifier
BUILD: [01:0000004391:ERRORE] c:\wince800\platform\qemu\drivers\netkvm\protocolservice\service.h(67) : error C3861: 'OpenService': identifier not found
BUILD: [01:0000004391:ERRORE] c:\wince800\platform\qemu\drivers\netkvm\protocolservice\service.h(70) : error C2065: 'm_Handle' : undeclared identifier
BUILD: [01:0000004391:ERRORE] c:\wince800\platform\qemu\drivers\netkvm\protocolservice\service.h(77) : error C2065: 'm_Handle' : undeclared identifier
BUILD: [01:0000004391:ERRORE] c:\wince800\platform\qemu\drivers\netkvm\protocolservice\service.h(79) : error C2065: 'm_Handle' : undeclared identifier
BUILD: [01:0000004391:ERRORE] c:\wince800\platform\qemu\drivers\netkvm\protocolservice\service.h(79) : error C3861: 'CloseServiceHandle': identifier not found
BUILD: [01:0000004391:ERRORE] c:\wince800\platform\qemu\drivers\netkvm\protocolservice\service.h(84) : error C2065: 'm_Handle' : undeclared identifier
BUILD: [01:0000004391:ERRORE] c:\wince800\platform\qemu\drivers\netkvm\protocolservice\service.h(88) : error C2065: 'm_Handle' : undeclared identifier
BUILD: [01:0000004391:ERRORE] c:\wince800\platform\qemu\drivers\netkvm\protocolservice\service.h(88) : error C2065: 'SERVICE_CONTROL_STOP' : undeclared identifier
BUILD: [01:0000004391:ERRORE] c:\wince800\platform\qemu\drivers\netkvm\protocolservice\service.h(88) : error C2065: 'm_Status' : undeclared identifier
BUILD: [01:0000004391:ERRORE] c:\wince800\platform\qemu\drivers\netkvm\protocolservice\service.h(88) : error C3861: 'ControlService': identifier not found
BUILD: [01:0000004407:ERRORE] c:\wince800\platform\qemu\drivers\netkvm\protocolservice\service.h(99) : error C2065: 'm_Handle' : undeclared identifier
BUILD: [01:0000004407:ERRORE] c:\wince800\platform\qemu\drivers\netkvm\protocolservice\service.h(103) : error C2065: 'm_Handle' : undeclared identifier
BUILD: [01:0000004407:ERRORE] c:\wince800\platform\qemu\drivers\netkvm\protocolservice\service.h(103) : error C3861: 'StartService': identifier not found
BUILD: [01:0000004407:ERRORE] c:\wince800\platform\qemu\drivers\netkvm\protocolservice\service.h(114) : error C2065: 'm_Handle' : undeclared identifier
BUILD: [01:0000004407:ERRORE] c:\wince800\platform\qemu\drivers\netkvm\protocolservice\service.h(118) : error C2065: 'm_Handle' : undeclared identifier
BUILD: [01:0000004422:ERRORE] c:\wince800\platform\qemu\drivers\netkvm\protocolservice\service.h(118) : error C2065: 'm_Status' : undeclared identifier
BUILD: [01:0000004422:ERRORE] c:\wince800\platform\qemu\drivers\netkvm\protocolservice\service.h(118) : error C3861: 'QueryServiceStatus': identifier not found
BUILD: [01:0000004422:ERRORE] c:\wince800\platform\qemu\drivers\netkvm\protocolservice\service.h(122) : error C2065: 'm_Status' : undeclared identifier
BUILD: [01:0000004422:ERRORE] c:\wince800\platform\qemu\drivers\netkvm\protocolservice\service.h(122) : error C2228: left of '.dwCurrentState' must have class/struct/union
BUILD: [01:0000004422:INFO  ]         type is ''unknown-type''
BUILD: [01:0000004422:ERRORE] c:\wince800\platform\qemu\drivers\netkvm\protocolservice\service.h(129) : error C2065: 'm_Handle' : undeclared identifier
BUILD: [01:0000004454:ERRORE] c:\wince800\platform\qemu\drivers\netkvm\protocolservice\service.h(133) : error C2065: 'm_Handle' : undeclared identifier
BUILD: [01:0000004454:ERRORE] c:\wince800\platform\qemu\drivers\netkvm\protocolservice\service.h(133) : error C3861: 'DeleteService': identifier not found
BUILD: [01:0000004454:ERRORE] c:\wince800\platform\qemu\drivers\netkvm\protocolservice\service.h(152) : error C2065: 'SERVICE_STOPPED' : undeclared identifier
BUILD: [01:0000004454:ERRORE] c:\wince800\platform\qemu\drivers\netkvm\protocolservice\service.h(152) : error C2065: 'SERVICE_STOP_PENDING' : undeclared identifier
BUILD: [01:0000004454:ERRORE] c:\wince800\platform\qemu\drivers\netkvm\protocolservice\service.h(161) : error C2065: 'SERVICE_RUNNING' : undeclared identifier
BUILD: [01:0000004454:ERRORE] c:\wince800\platform\qemu\drivers\netkvm\protocolservice\service.h(183) : error C2065: 'm_Handle' : undeclared identifier
BUILD: [01:0000004454:ERRORE] c:\wince800\platform\qemu\drivers\netkvm\protocolservice\service.h(187) : error C2065: 'm_Status' : undeclared identifier
BUILD: [01:0000004469:ERRORE] c:\wince800\platform\qemu\drivers\netkvm\protocolservice\service.h(187) : error C2228: left of '.dwServiceType' must have class/struct/union
BUILD: [01:0000004469:INFO  ]         type is ''unknown-type''
BUILD: [01:0000004469:ERRORE] c:\wince800\platform\qemu\drivers\netkvm\protocolservice\service.h(192) : error C2065: 'm_Handle' : undeclared identifier
BUILD: [01:0000004485:ERRORE] c:\wince800\platform\qemu\drivers\netkvm\protocolservice\service.h(192) : error C2065: 'pNotify' : undeclared identifier
BUILD: [01:0000004485:ERRORE] c:\wince800\platform\qemu\drivers\netkvm\protocolservice\service.h(192) : error C3861: 'NotifyServiceStatusChange': identifier not found
BUILD: [01:0000004485:ERRORE] c:\wince800\platform\qemu\drivers\netkvm\protocolservice\service.h(293) : error C2864: 'CServiceImplementation::m_StopEvent' : only static const integral data members can be initialized within a class
BUILD: [01:0000004485:ERRORE] c:\wince800\platform\qemu\drivers\netkvm\protocolservice\service.h(307) : error C2146: syntax error : missing ';' before identifier 'hService'
BUILD: [01:0000004485:ERRORE] c:\wince800\platform\qemu\drivers\netkvm\protocolservice\service.h(308) : error C2146: syntax error : missing ';' before identifier 'status'
BUILD: [01:0000004500:ERRORE] c:\wince800\platform\qemu\drivers\netkvm\protocolservice\service.h(216) : error C2065: 'WTS_CURRENT_SERVER_HANDLE' : undeclared identifier
BUILD: [01:0000004500:ERRORE] c:\wince800\platform\qemu\drivers\netkvm\protocolservice\service.h(216) : error C2065: 'WTS_CURRENT_SESSION' : undeclared identifier
BUILD: [01:0000004500:ERRORE] c:\wince800\platform\qemu\drivers\netkvm\protocolservice\service.h(217) : error C2065: 'WTSSessionId' : undeclared identifier
BUILD: [01:0000004500:ERRORE] c:\wince800\platform\qemu\drivers\netkvm\protocolservice\service.h(216) : error C3861: 'WTSQuerySessionInformationA': identifier not found
BUILD: [01:0000004500:ERRORE] c:\wince800\platform\qemu\drivers\netkvm\protocolservice\service.h(221) : error C3861: 'WTSFreeMemory': identifier not found
BUILD: [01:0000004500:ERRORE] c:\wince800\platform\qemu\drivers\netkvm\protocolservice\service.h(225) : error C2065: 'SERVICE_TABLE_ENTRY' : undeclared identifier
BUILD: [01:0000004500:ERRORE] c:\wince800\platform\qemu\drivers\netkvm\protocolservice\service.h(225) : error C2065: 'table' : undeclared identifier
BUILD: [01:0000004500:ERRORE] c:\wince800\platform\qemu\drivers\netkvm\protocolservice\service.h(225) : error C2061: syntax error : identifier 'SERVICE_TABLE_ENTRY'
BUILD: [01:0000004500:ERRORE] c:\wince800\platform\qemu\drivers\netkvm\protocolservice\service.h(226) : error C2065: 'table' : undeclared identifier
BUILD: [01:0000004500:ERRORE] c:\wince800\platform\qemu\drivers\netkvm\protocolservice\service.h(226) : error C2228: left of '.lpServiceName' must have class/struct/union
BUILD: [01:0000004500:ERRORE] c:\wince800\platform\qemu\drivers\netkvm\protocolservice\service.h(227) : error C2065: 'table' : undeclared identifier
BUILD: [01:0000004516:ERRORE] c:\wince800\platform\qemu\drivers\netkvm\protocolservice\service.h(227) : error C2228: left of '.lpServiceProc' must have class/struct/union
BUILD: [01:0000004516:ERRORE] c:\wince800\platform\qemu\drivers\netkvm\protocolservice\service.h(231) : error C2065: 'table' : undeclared identifier
BUILD: [01:0000004516:ERRORE] c:\wince800\platform\qemu\drivers\netkvm\protocolservice\service.h(231) : error C2228: left of '.lpServiceName' must have class/struct/union
BUILD: [01:0000004516:ERRORE] c:\wince800\platform\qemu\drivers\netkvm\protocolservice\service.h(232) : error C2065: 'table' : undeclared identifier
BUILD: [01:0000004516:ERRORE] c:\wince800\platform\qemu\drivers\netkvm\protocolservice\service.h(232) : error C2228: left of '.lpServiceProc' must have class/struct/union
BUILD: [01:0000004532:ERRORE] c:\wince800\platform\qemu\drivers\netkvm\protocolservice\service.h(253) : error C2065: 'table' : undeclared identifier
BUILD: [01:0000004532:ERRORE] c:\wince800\platform\qemu\drivers\netkvm\protocolservice\service.h(253) : error C3861: 'StartServiceCtrlDispatcher': identifier not found
BUILD: [01:0000004532:ERRORE] c:\wince800\platform\qemu\drivers\netkvm\protocolservice\service.h(254) : error C2065: 'table' : undeclared identifier
BUILD: [01:0000004532:ERRORE] c:\wince800\platform\qemu\drivers\netkvm\protocolservice\service.h(254) : error C2541: 'delete' : cannot delete objects that are not pointers
BUILD: [01:0000004532:ERRORE] c:\wince800\platform\qemu\drivers\netkvm\protocolservice\service.h(299) : error C2065: 'status' : undeclared identifier
BUILD: [01:0000004532:ERRORE] c:\wince800\platform\qemu\drivers\netkvm\protocolservice\service.h(299) : error C2228: left of '.dwServiceType' must have class/struct/union
BUILD: [01:0000004532:INFO  ]         type is ''unknown-type''
BUILD: [01:0000004532:ERRORE] c:\wince800\platform\qemu\drivers\netkvm\protocolservice\service.h(300) : error C2065: 'status' : undeclared identifier
BUILD: [01:0000004532:ERRORE] c:\wince800\platform\qemu\drivers\netkvm\protocolservice\service.h(300) : error C2228: left of '.dwCurrentState' must have class/struct/union
BUILD: [01:0000004532:INFO  ]         type is ''unknown-type''
BUILD: [01:0000004532:ERRORE] c:\wince800\platform\qemu\drivers\netkvm\protocolservice\service.h(300) : error C2065: 'SERVICE_STOPPED' : undeclared identifier
BUILD: [01:0000004532:ERRORE] c:\wince800\platform\qemu\drivers\netkvm\protocolservice\service.h(301) : error C2065: 'status' : undeclared identifier
BUILD: [01:0000004532:ERRORE] c:\wince800\platform\qemu\drivers\netkvm\protocolservice\service.h(301) : error C2228: left of '.dwControlsAccepted' must have class/struct/union
BUILD: [01:0000004532:INFO  ]         type is ''unknown-type''
BUILD: [01:0000004532:ERRORE] c:\wince800\platform\qemu\drivers\netkvm\protocolservice\service.h(301) : error C2065: 'SERVICE_ACCEPT_STOP' : undeclared identifier
BUILD: [01:0000004532:ERRORE] c:\wince800\platform\qemu\drivers\netkvm\protocolservice\service.h(301) : error C2065: 'SERVICE_ACCEPT_SESSIONCHANGE' : undeclared identifier
BUILD: [01:0000004532:ERRORE] c:\wince800\platform\qemu\drivers\netkvm\protocolservice\service.h(302) : error C2065: 'status' : undeclared identifier
BUILD: [01:0000004532:ERRORE] c:\wince800\platform\qemu\drivers\netkvm\protocolservice\service.h(302) : error C2228: left of '.dwWaitHint' must have class/struct/union
BUILD: [01:0000004579:INFO  ]         type is ''unknown-type''
BUILD: [01:0000004594:ERRORE] c:\wince800\platform\qemu\drivers\netkvm\protocolservice\service.h(303) : error C2065: 'status' : undeclared identifier
BUILD: [01:0000004594:ERRORE] c:\wince800\platform\qemu\drivers\netkvm\protocolservice\service.h(303) : error C2228: left of '.dwCheckPoint' must have class/struct/union
BUILD: [01:0000004594:INFO  ]         type is ''unknown-type''
BUILD: [01:0000004594:ERRORE] c:\wince800\platform\qemu\drivers\netkvm\protocolservice\service.h(304) : error C2065: 'status' : undeclared identifier
BUILD: [01:0000004594:ERRORE] c:\wince800\platform\qemu\drivers\netkvm\protocolservice\service.h(304) : error C2228: left of '.dwWin32ExitCode' must have class/struct/union
BUILD: [01:0000004594:ERRORE] c:\wince800\platform\qemu\drivers\netkvm\protocolservice\service.h(304) : fatal error C1003: error count exceeds 100; stopping compilation
BUILD: [01:0000004719:INFO  ] Service.cpp
BUILD: [01:0000005219:ERRORE] c:\wince800\platform\qemu\drivers\netkvm\protocolservice\names.h(11) : error C2065: 'SERVICE_CONTROL_STOP' : undeclared identifier
BUILD: [01:0000005219:ERRORE] c:\wince800\platform\qemu\drivers\netkvm\protocolservice\service.h(47) : error C2146: syntax error : missing ';' before identifier 'Handle'
BUILD: [01:0000005219:WARNN ] c:\wince800\platform\qemu\drivers\netkvm\protocolservice\service.h(47) : warning C4183: 'Handle': missing return type; assumed to be a member function returning 'int'
BUILD: [01:0000005219:ERRORE] c:\wince800\platform\qemu\drivers\netkvm\protocolservice\service.h(50) : error C2146: syntax error : missing ';' before identifier 'm_Handle'
BUILD: [01:0000005219:ERRORE] c:\wince800\platform\qemu\drivers\netkvm\protocolservice\service.h(8) : error C2065: 'm_Handle' : undeclared identifier
BUILD: [01:0000005235:ERRORE] c:\wince800\platform\qemu\drivers\netkvm\protocolservice\service.h(8) : error C2065: 'SC_MANAGER_ENUMERATE_SERVICE' : undeclared identifier
BUILD: [01:0000005235:ERRORE] c:\wince800\platform\qemu\drivers\netkvm\protocolservice\service.h(8) : error C2065: 'SC_MANAGER_ALL_ACCESS' : undeclared identifier
BUILD: [01:0000005235:ERRORE] c:\wince800\platform\qemu\drivers\netkvm\protocolservice\service.h(8) : error C3861: 'OpenSCManager': identifier not found
BUILD: [01:0000005235:ERRORE] c:\wince800\platform\qemu\drivers\netkvm\protocolservice\service.h(9) : error C2065: 'm_Handle' : undeclared identifier
BUILD: [01:0000005235:ERRORE] c:\wince800\platform\qemu\drivers\netkvm\protocolservice\service.h(16) : error C2065: 'm_Handle' : undeclared identifier
BUILD: [01:0000005235:ERRORE] c:\wince800\platform\qemu\drivers\netkvm\protocolservice\service.h(18) : error C2065: 'm_Handle' : undeclared identifier
BUILD: [01:0000005235:ERRORE] c:\wince800\platform\qemu\drivers\netkvm\protocolservice\service.h(18) : error C3861: 'CloseServiceHandle': identifier not found
BUILD: [01:0000005235:ERRORE] c:\wince800\platform\qemu\drivers\netkvm\protocolservice\service.h(25) : error C2065: 'SC_HANDLE' : undeclared identifier
BUILD: [01:0000005235:ERRORE] c:\wince800\platform\qemu\drivers\netkvm\protocolservice\service.h(25) : error C2146: syntax error : missing ';' before identifier 'h'
BUILD: [01:0000005250:ERRORE] c:\wince800\platform\qemu\drivers\netkvm\protocolservice\service.h(25) : error C2065: 'h' : undeclared identifier
BUILD: [01:0000005250:ERRORE] c:\wince800\platform\qemu\drivers\netkvm\protocolservice\service.h(25) : error C2065: 'm_Handle' : undeclared identifier
BUILD: [01:0000005250:ERRORE] c:\wince800\platform\qemu\drivers\netkvm\protocolservice\service.h(26) : error C2065: 'SERVICE_STOP' : undeclared identifier
BUILD: [01:0000005250:ERRORE] c:\wince800\platform\qemu\drivers\netkvm\protocolservice\service.h(26) : error C2065: 'SERVICE_START' : undeclared identifier
BUILD: [01:0000005250:ERRORE] c:\wince800\platform\qemu\drivers\netkvm\protocolservice\service.h(26) : error C2065: 'SERVICE_QUERY_STATUS' : undeclared identifier
BUILD: [01:0000005250:ERRORE] c:\wince800\platform\qemu\drivers\netkvm\protocolservice\service.h(25) : error C3861: 'CreateService': identifier not found
BUILD: [01:0000005250:ERRORE] c:\wince800\platform\qemu\drivers\netkvm\protocolservice\service.h(36) : error C2065: 'h' : undeclared identifier
BUILD: [01:0000005250:ERRORE] c:\wince800\platform\qemu\drivers\netkvm\protocolservice\service.h(39) : error C2065: 'h' : undeclared identifier
BUILD: [01:0000005250:ERRORE] c:\wince800\platform\qemu\drivers\netkvm\protocolservice\service.h(39) : error C3861: 'CloseServiceHandle': identifier not found
BUILD: [01:0000005250:ERRORE] c:\wince800\platform\qemu\drivers\netkvm\protocolservice\service.h(45) : error C2065: 'h' : undeclared identifier
BUILD: [01:0000005250:ERRORE] c:\wince800\platform\qemu\drivers\netkvm\protocolservice\service.h(47) : error C2065: 'm_Handle' : undeclared identifier
BUILD: [01:0000005250:ERRORE] c:\wince800\platform\qemu\drivers\netkvm\protocolservice\service.h(181) : error C2061: syntax error : identifier 'PSERVICE_NOTIFY'
BUILD: [01:0000005250:ERRORE] c:\wince800\platform\qemu\drivers\netkvm\protocolservice\service.h(199) : error C2146: syntax error : missing ';' before identifier 'm_Handle'
BUILD: [01:0000005250:ERRORE] c:\wince800\platform\qemu\drivers\netkvm\protocolservice\service.h(200) : error C2146: syntax error : missing ';' before identifier 'm_Status'
BUILD: [01:0000005250:ERRORE] c:\wince800\platform\qemu\drivers\netkvm\protocolservice\service.h(59) : error C2614: 'CService' : illegal member initialization: 'm_Handle' is not a base or member
BUILD: [01:0000005266:ERRORE] c:\wince800\platform\qemu\drivers\netkvm\protocolservice\service.h(60) : error C2065: 'SERVICE_QUERY_STATUS' : undeclared identifier
BUILD: [01:0000005266:ERRORE] c:\wince800\platform\qemu\drivers\netkvm\protocolservice\service.h(63) : error C2065: 'SERVICE_STOP' : undeclared identifier
BUILD: [01:0000005266:ERRORE] c:\wince800\platform\qemu\drivers\netkvm\protocolservice\service.h(63) : error C2065: 'SERVICE_START' : undeclared identifier
BUILD: [01:0000005266:ERRORE] c:\wince800\platform\qemu\drivers\netkvm\protocolservice\service.h(67) : error C2065: 'm_Handle' : undeclared identifier
BUILD: [01:0000005297:ERRORE] c:\wince800\platform\qemu\drivers\netkvm\protocolservice\service.h(67) : error C3861: 'OpenService': identifier not found
BUILD: [01:0000005313:ERRORE] c:\wince800\platform\qemu\drivers\netkvm\protocolservice\service.h(70) : error C2065: 'm_Handle' : undeclared identifier
BUILD: [01:0000005313:ERRORE] c:\wince800\platform\qemu\drivers\netkvm\protocolservice\service.h(77) : error C2065: 'm_Handle' : undeclared identifier
BUILD: [01:0000005313:ERRORE] c:\wince800\platform\qemu\drivers\netkvm\protocolservice\service.h(79) : error C2065: 'm_Handle' : undeclared identifier
BUILD: [01:0000005313:ERRORE] c:\wince800\platform\qemu\drivers\netkvm\protocolservice\service.h(79) : error C3861: 'CloseServiceHandle': identifier not found
BUILD: [01:0000005313:ERRORE] c:\wince800\platform\qemu\drivers\netkvm\protocolservice\service.h(84) : error C2065: 'm_Handle' : undeclared identifier
BUILD: [01:0000005313:ERRORE] c:\wince800\platform\qemu\drivers\netkvm\protocolservice\service.h(88) : error C2065: 'm_Handle' : undeclared identifier
BUILD: [01:0000005313:ERRORE] c:\wince800\platform\qemu\drivers\netkvm\protocolservice\service.h(88) : error C2065: 'SERVICE_CONTROL_STOP' : undeclared identifier
BUILD: [01:0000005329:ERRORE] c:\wince800\platform\qemu\drivers\netkvm\protocolservice\service.h(88) : error C2065: 'm_Status' : undeclared identifier
BUILD: [01:0000005329:ERRORE] c:\wince800\platform\qemu\drivers\netkvm\protocolservice\service.h(88) : error C3861: 'ControlService': identifier not found
BUILD: [01:0000005329:ERRORE] c:\wince800\platform\qemu\drivers\netkvm\protocolservice\service.h(99) : error C2065: 'm_Handle' : undeclared identifier
BUILD: [01:0000005329:ERRORE] c:\wince800\platform\qemu\drivers\netkvm\protocolservice\service.h(103) : error C2065: 'm_Handle' : undeclared identifier
BUILD: [01:0000005329:ERRORE] c:\wince800\platform\qemu\drivers\netkvm\protocolservice\service.h(103) : error C3861: 'StartService': identifier not found
BUILD: [01:0000005329:ERRORE] c:\wince800\platform\qemu\drivers\netkvm\protocolservice\service.h(114) : error C2065: 'm_Handle' : undeclared identifier
BUILD: [01:0000005329:ERRORE] c:\wince800\platform\qemu\drivers\netkvm\protocolservice\service.h(118) : error C2065: 'm_Handle' : undeclared identifier
BUILD: [01:0000005329:ERRORE] c:\wince800\platform\qemu\drivers\netkvm\protocolservice\service.h(118) : error C2065: 'm_Status' : undeclared identifier
BUILD: [01:0000005329:ERRORE] c:\wince800\platform\qemu\drivers\netkvm\protocolservice\service.h(118) : error C3861: 'QueryServiceStatus': identifier not found
BUILD: [01:0000005329:ERRORE] c:\wince800\platform\qemu\drivers\netkvm\protocolservice\service.h(122) : error C2065: 'm_Status' : undeclared identifier
BUILD: [01:0000005329:ERRORE] c:\wince800\platform\qemu\drivers\netkvm\protocolservice\service.h(122) : error C2228: left of '.dwCurrentState' must have class/struct/union
BUILD: [01:0000005344:INFO  ]         type is ''unknown-type''
BUILD: [01:0000005344:ERRORE] c:\wince800\platform\qemu\drivers\netkvm\protocolservice\service.h(129) : error C2065: 'm_Handle' : undeclared identifier
BUILD: [01:0000005344:ERRORE] c:\wince800\platform\qemu\drivers\netkvm\protocolservice\service.h(133) : error C2065: 'm_Handle' : undeclared identifier
BUILD: [01:0000005344:ERRORE] c:\wince800\platform\qemu\drivers\netkvm\protocolservice\service.h(133) : error C3861: 'DeleteService': identifier not found
BUILD: [01:0000005344:ERRORE] c:\wince800\platform\qemu\drivers\netkvm\protocolservice\service.h(152) : error C2065: 'SERVICE_STOPPED' : undeclared identifier
BUILD: [01:0000005344:ERRORE] c:\wince800\platform\qemu\drivers\netkvm\protocolservice\service.h(152) : error C2065: 'SERVICE_STOP_PENDING' : undeclared identifier
BUILD: [01:0000005344:ERRORE] c:\wince800\platform\qemu\drivers\netkvm\protocolservice\service.h(161) : error C2065: 'SERVICE_RUNNING' : undeclared identifier
BUILD: [01:0000005344:ERRORE] c:\wince800\platform\qemu\drivers\netkvm\protocolservice\service.h(183) : error C2065: 'm_Handle' : undeclared identifier
BUILD: [01:0000005344:ERRORE] c:\wince800\platform\qemu\drivers\netkvm\protocolservice\service.h(187) : error C2065: 'm_Status' : undeclared identifier
BUILD: [01:0000005344:ERRORE] c:\wince800\platform\qemu\drivers\netkvm\protocolservice\service.h(187) : error C2228: left of '.dwServiceType' must have class/struct/union
BUILD: [01:0000005344:INFO  ]         type is ''unknown-type''
BUILD: [01:0000005344:ERRORE] c:\wince800\platform\qemu\drivers\netkvm\protocolservice\service.h(192) : error C2065: 'm_Handle' : undeclared identifier
BUILD: [01:0000005344:ERRORE] c:\wince800\platform\qemu\drivers\netkvm\protocolservice\service.h(192) : error C2065: 'pNotify' : undeclared identifier
BUILD: [01:0000005344:ERRORE] c:\wince800\platform\qemu\drivers\netkvm\protocolservice\service.h(192) : error C3861: 'NotifyServiceStatusChange': identifier not found
BUILD: [01:0000005360:ERRORE] c:\wince800\platform\qemu\drivers\netkvm\protocolservice\service.h(293) : error C2864: 'CServiceImplementation::m_StopEvent' : only static const integral data members can be initialized within a class
BUILD: [01:0000005360:ERRORE] c:\wince800\platform\qemu\drivers\netkvm\protocolservice\service.h(307) : error C2146: syntax error : missing ';' before identifier 'hService'
BUILD: [01:0000005360:ERRORE] c:\wince800\platform\qemu\drivers\netkvm\protocolservice\service.h(308) : error C2146: syntax error : missing ';' before identifier 'status'
BUILD: [01:0000005360:ERRORE] c:\wince800\platform\qemu\drivers\netkvm\protocolservice\service.h(216) : error C2065: 'WTS_CURRENT_SERVER_HANDLE' : undeclared identifier
BUILD: [01:0000005360:ERRORE] c:\wince800\platform\qemu\drivers\netkvm\protocolservice\service.h(216) : error C2065: 'WTS_CURRENT_SESSION' : undeclared identifier
BUILD: [01:0000005360:ERRORE] c:\wince800\platform\qemu\drivers\netkvm\protocolservice\service.h(217) : error C2065: 'WTSSessionId' : undeclared identifier
BUILD: [01:0000005360:ERRORE] c:\wince800\platform\qemu\drivers\netkvm\protocolservice\service.h(216) : error C3861: 'WTSQuerySessionInformationA': identifier not found
BUILD: [01:0000005360:ERRORE] c:\wince800\platform\qemu\drivers\netkvm\protocolservice\service.h(221) : error C3861: 'WTSFreeMemory': identifier not found
BUILD: [01:0000005360:ERRORE] c:\wince800\platform\qemu\drivers\netkvm\protocolservice\service.h(225) : error C2065: 'SERVICE_TABLE_ENTRY' : undeclared identifier
BUILD: [01:0000005360:ERRORE] c:\wince800\platform\qemu\drivers\netkvm\protocolservice\service.h(225) : error C2065: 'table' : undeclared identifier
BUILD: [01:0000005360:ERRORE] c:\wince800\platform\qemu\drivers\netkvm\protocolservice\service.h(225) : error C2061: syntax error : identifier 'SERVICE_TABLE_ENTRY'
BUILD: [01:0000005360:ERRORE] c:\wince800\platform\qemu\drivers\netkvm\protocolservice\service.h(226) : error C2065: 'table' : undeclared identifier
BUILD: [01:0000005360:ERRORE] c:\wince800\platform\qemu\drivers\netkvm\protocolservice\service.h(226) : error C2228: left of '.lpServiceName' must have class/struct/union
BUILD: [01:0000005360:ERRORE] c:\wince800\platform\qemu\drivers\netkvm\protocolservice\service.h(227) : error C2065: 'table' : undeclared identifier
BUILD: [01:0000005375:ERRORE] c:\wince800\platform\qemu\drivers\netkvm\protocolservice\service.h(227) : error C2228: left of '.lpServiceProc' must have class/struct/union
BUILD: [01:0000005375:ERRORE] c:\wince800\platform\qemu\drivers\netkvm\protocolservice\service.h(231) : error C2065: 'table' : undeclared identifier
BUILD: [01:0000005375:ERRORE] c:\wince800\platform\qemu\drivers\netkvm\protocolservice\service.h(231) : error C2228: left of '.lpServiceName' must have class/struct/union
BUILD: [01:0000005375:ERRORE] c:\wince800\platform\qemu\drivers\netkvm\protocolservice\service.h(232) : error C2065: 'table' : undeclared identifier
BUILD: [01:0000005375:ERRORE] c:\wince800\platform\qemu\drivers\netkvm\protocolservice\service.h(232) : error C2228: left of '.lpServiceProc' must have class/struct/union
BUILD: [01:0000005375:ERRORE] c:\wince800\platform\qemu\drivers\netkvm\protocolservice\service.h(253) : error C2065: 'table' : undeclared identifier
BUILD: [01:0000005375:ERRORE] c:\wince800\platform\qemu\drivers\netkvm\protocolservice\service.h(253) : error C3861: 'StartServiceCtrlDispatcher': identifier not found
BUILD: [01:0000005391:ERRORE] c:\wince800\platform\qemu\drivers\netkvm\protocolservice\service.h(254) : error C2065: 'table' : undeclared identifier
BUILD: [01:0000005391:ERRORE] c:\wince800\platform\qemu\drivers\netkvm\protocolservice\service.h(254) : error C2541: 'delete' : cannot delete objects that are not pointers
BUILD: [01:0000005391:ERRORE] c:\wince800\platform\qemu\drivers\netkvm\protocolservice\service.h(299) : error C2065: 'status' : undeclared identifier
BUILD: [01:0000005391:ERRORE] c:\wince800\platform\qemu\drivers\netkvm\protocolservice\service.h(299) : error C2228: left of '.dwServiceType' must have class/struct/union
BUILD: [01:0000005391:INFO  ]         type is ''unknown-type''
BUILD: [01:0000005391:ERRORE] c:\wince800\platform\qemu\drivers\netkvm\protocolservice\service.h(300) : error C2065: 'status' : undeclared identifier
BUILD: [01:0000005407:ERRORE] c:\wince800\platform\qemu\drivers\netkvm\protocolservice\service.h(300) : error C2228: left of '.dwCurrentState' must have class/struct/union
BUILD: [01:0000005407:INFO  ]         type is ''unknown-type''
BUILD: [01:0000005407:ERRORE] c:\wince800\platform\qemu\drivers\netkvm\protocolservice\service.h(300) : error C2065: 'SERVICE_STOPPED' : undeclared identifier
BUILD: [01:0000005407:ERRORE] c:\wince800\platform\qemu\drivers\netkvm\protocolservice\service.h(301) : error C2065: 'status' : undeclared identifier
BUILD: [01:0000005407:ERRORE] c:\wince800\platform\qemu\drivers\netkvm\protocolservice\service.h(301) : error C2228: left of '.dwControlsAccepted' must have class/struct/union
BUILD: [01:0000005407:INFO  ]         type is ''unknown-type''
BUILD: [01:0000005407:ERRORE] c:\wince800\platform\qemu\drivers\netkvm\protocolservice\service.h(301) : error C2065: 'SERVICE_ACCEPT_STOP' : undeclared identifier
BUILD: [01:0000005407:ERRORE] c:\wince800\platform\qemu\drivers\netkvm\protocolservice\service.h(301) : error C2065: 'SERVICE_ACCEPT_SESSIONCHANGE' : undeclared identifier
BUILD: [01:0000005407:ERRORE] c:\wince800\platform\qemu\drivers\netkvm\protocolservice\service.h(302) : error C2065: 'status' : undeclared identifier
BUILD: [01:0000005407:ERRORE] c:\wince800\platform\qemu\drivers\netkvm\protocolservice\service.h(302) : error C2228: left of '.dwWaitHint' must have class/struct/union
BUILD: [01:0000005407:INFO  ]         type is ''unknown-type''
BUILD: [01:0000005407:ERRORE] c:\wince800\platform\qemu\drivers\netkvm\protocolservice\service.h(303) : error C2065: 'status' : undeclared identifier
BUILD: [01:0000005407:ERRORE] c:\wince800\platform\qemu\drivers\netkvm\protocolservice\service.h(303) : error C2228: left of '.dwCheckPoint' must have class/struct/union
BUILD: [01:0000005407:INFO  ]         type is ''unknown-type''
BUILD: [01:0000005407:ERRORE] c:\wince800\platform\qemu\drivers\netkvm\protocolservice\service.h(304) : error C2065: 'status' : undeclared identifier
BUILD: [01:0000005407:ERRORE] c:\wince800\platform\qemu\drivers\netkvm\protocolservice\service.h(304) : error C2228: left of '.dwWin32ExitCode' must have class/struct/union
BUILD: [01:0000005407:ERRORE] c:\wince800\platform\qemu\drivers\netkvm\protocolservice\service.h(304) : fatal error C1003: error count exceeds 100; stopping compilation
BUILD: [01:0000005438:INFO  ] uninstall.cpp
BUILD: [01:0000005875:ERRORE] c:\wince800\platform\qemu\drivers\netkvm\protocolservice\names.h(11) : error C2065: 'SERVICE_CONTROL_STOP' : undeclared identifier
BUILD: [01:0000005875:ERRORE] c:\wince800\platform\qemu\drivers\netkvm\protocolservice\service.h(47) : error C2146: syntax error : missing ';' before identifier 'Handle'
BUILD: [01:0000005875:WARNN ] c:\wince800\platform\qemu\drivers\netkvm\protocolservice\service.h(47) : warning C4183: 'Handle': missing return type; assumed to be a member function returning 'int'
BUILD: [01:0000005875:ERRORE] c:\wince800\platform\qemu\drivers\netkvm\protocolservice\service.h(50) : error C2146: syntax error : missing ';' before identifier 'm_Handle'
BUILD: [01:0000005875:ERRORE] c:\wince800\platform\qemu\drivers\netkvm\protocolservice\service.h(8) : error C2065: 'm_Handle' : undeclared identifier
BUILD: [01:0000005875:ERRORE] c:\wince800\platform\qemu\drivers\netkvm\protocolservice\service.h(8) : error C2065: 'SC_MANAGER_ENUMERATE_SERVICE' : undeclared identifier
BUILD: [01:0000005875:ERRORE] c:\wince800\platform\qemu\drivers\netkvm\protocolservice\service.h(8) : error C2065: 'SC_MANAGER_ALL_ACCESS' : undeclared identifier
BUILD: [01:0000005891:ERRORE] c:\wince800\platform\qemu\drivers\netkvm\protocolservice\service.h(8) : error C3861: 'OpenSCManager': identifier not found
BUILD: [01:0000005891:ERRORE] c:\wince800\platform\qemu\drivers\netkvm\protocolservice\service.h(9) : error C2065: 'm_Handle' : undeclared identifier
BUILD: [01:0000005891:ERRORE] c:\wince800\platform\qemu\drivers\netkvm\protocolservice\service.h(16) : error C2065: 'm_Handle' : undeclared identifier
BUILD: [01:0000005891:ERRORE] c:\wince800\platform\qemu\drivers\netkvm\protocolservice\service.h(18) : error C2065: 'm_Handle' : undeclared identifier
BUILD: [01:0000005891:ERRORE] c:\wince800\platform\qemu\drivers\netkvm\protocolservice\service.h(18) : error C3861: 'CloseServiceHandle': identifier not found
BUILD: [01:0000005891:ERRORE] c:\wince800\platform\qemu\drivers\netkvm\protocolservice\service.h(25) : error C2065: 'SC_HANDLE' : undeclared identifier
BUILD: [01:0000005891:ERRORE] c:\wince800\platform\qemu\drivers\netkvm\protocolservice\service.h(25) : error C2146: syntax error : missing ';' before identifier 'h'
BUILD: [01:0000005891:ERRORE] c:\wince800\platform\qemu\drivers\netkvm\protocolservice\service.h(25) : error C2065: 'h' : undeclared identifier
BUILD: [01:0000005891:ERRORE] c:\wince800\platform\qemu\drivers\netkvm\protocolservice\service.h(25) : error C2065: 'm_Handle' : undeclared identifier
BUILD: [01:0000005891:ERRORE] c:\wince800\platform\qemu\drivers\netkvm\protocolservice\service.h(26) : error C2065: 'SERVICE_STOP' : undeclared identifier
BUILD: [01:0000005907:ERRORE] c:\wince800\platform\qemu\drivers\netkvm\protocolservice\service.h(26) : error C2065: 'SERVICE_START' : undeclared identifier
BUILD: [01:0000005907:ERRORE] c:\wince800\platform\qemu\drivers\netkvm\protocolservice\service.h(26) : error C2065: 'SERVICE_QUERY_STATUS' : undeclared identifier
BUILD: [01:0000005907:ERRORE] c:\wince800\platform\qemu\drivers\netkvm\protocolservice\service.h(25) : error C3861: 'CreateService': identifier not found
BUILD: [01:0000005907:ERRORE] c:\wince800\platform\qemu\drivers\netkvm\protocolservice\service.h(36) : error C2065: 'h' : undeclared identifier
BUILD: [01:0000005907:ERRORE] c:\wince800\platform\qemu\drivers\netkvm\protocolservice\service.h(39) : error C2065: 'h' : undeclared identifier
BUILD: [01:0000005907:ERRORE] c:\wince800\platform\qemu\drivers\netkvm\protocolservice\service.h(39) : error C3861: 'CloseServiceHandle': identifier not found
BUILD: [01:0000005907:ERRORE] c:\wince800\platform\qemu\drivers\netkvm\protocolservice\service.h(45) : error C2065: 'h' : undeclared identifier
BUILD: [01:0000005907:ERRORE] c:\wince800\platform\qemu\drivers\netkvm\protocolservice\service.h(47) : error C2065: 'm_Handle' : undeclared identifier
BUILD: [01:0000005907:ERRORE] c:\wince800\platform\qemu\drivers\netkvm\protocolservice\service.h(181) : error C2061: syntax error : identifier 'PSERVICE_NOTIFY'
BUILD: [01:0000005907:ERRORE] c:\wince800\platform\qemu\drivers\netkvm\protocolservice\service.h(199) : error C2146: syntax error : missing ';' before identifier 'm_Handle'
BUILD: [01:0000005922:ERRORE] c:\wince800\platform\qemu\drivers\netkvm\protocolservice\service.h(200) : error C2146: syntax error : missing ';' before identifier 'm_Status'
BUILD: [01:0000005922:ERRORE] c:\wince800\platform\qemu\drivers\netkvm\protocolservice\service.h(59) : error C2614: 'CService' : illegal member initialization: 'm_Handle' is not a base or member
BUILD: [01:0000005922:ERRORE] c:\wince800\platform\qemu\drivers\netkvm\protocolservice\service.h(60) : error C2065: 'SERVICE_QUERY_STATUS' : undeclared identifier
BUILD: [01:0000005922:ERRORE] c:\wince800\platform\qemu\drivers\netkvm\protocolservice\service.h(63) : error C2065: 'SERVICE_STOP' : undeclared identifier
BUILD: [01:0000005922:ERRORE] c:\wince800\platform\qemu\drivers\netkvm\protocolservice\service.h(63) : error C2065: 'SERVICE_START' : undeclared identifier
BUILD: [01:0000005922:ERRORE] c:\wince800\platform\qemu\drivers\netkvm\protocolservice\service.h(67) : error C2065: 'm_Handle' : undeclared identifier
BUILD: [01:0000005922:ERRORE] c:\wince800\platform\qemu\drivers\netkvm\protocolservice\service.h(67) : error C3861: 'OpenService': identifier not found
BUILD: [01:0000005922:ERRORE] c:\wince800\platform\qemu\drivers\netkvm\protocolservice\service.h(70) : error C2065: 'm_Handle' : undeclared identifier
BUILD: [01:0000005938:ERRORE] c:\wince800\platform\qemu\drivers\netkvm\protocolservice\service.h(77) : error C2065: 'm_Handle' : undeclared identifier
BUILD: [01:0000005938:ERRORE] c:\wince800\platform\qemu\drivers\netkvm\protocolservice\service.h(79) : error C2065: 'm_Handle' : undeclared identifier
BUILD: [01:0000005938:ERRORE] c:\wince800\platform\qemu\drivers\netkvm\protocolservice\service.h(79) : error C3861: 'CloseServiceHandle': identifier not found
BUILD: [01:0000005938:ERRORE] c:\wince800\platform\qemu\drivers\netkvm\protocolservice\service.h(84) : error C2065: 'm_Handle' : undeclared identifier
BUILD: [01:0000005938:ERRORE] c:\wince800\platform\qemu\drivers\netkvm\protocolservice\service.h(88) : error C2065: 'm_Handle' : undeclared identifier
BUILD: [01:0000005938:ERRORE] c:\wince800\platform\qemu\drivers\netkvm\protocolservice\service.h(88) : error C2065: 'SERVICE_CONTROL_STOP' : undeclared identifier
BUILD: [01:0000005938:ERRORE] c:\wince800\platform\qemu\drivers\netkvm\protocolservice\service.h(88) : error C2065: 'm_Status' : undeclared identifier
BUILD: [01:0000005938:ERRORE] c:\wince800\platform\qemu\drivers\netkvm\protocolservice\service.h(88) : error C3861: 'ControlService': identifier not found
BUILD: [01:0000005938:ERRORE] c:\wince800\platform\qemu\drivers\netkvm\protocolservice\service.h(99) : error C2065: 'm_Handle' : undeclared identifier
BUILD: [01:0000005938:ERRORE] c:\wince800\platform\qemu\drivers\netkvm\protocolservice\service.h(103) : error C2065: 'm_Handle' : undeclared identifier
BUILD: [01:0000005938:ERRORE] c:\wince800\platform\qemu\drivers\netkvm\protocolservice\service.h(103) : error C3861: 'StartService': identifier not found
BUILD: [01:0000005938:ERRORE] c:\wince800\platform\qemu\drivers\netkvm\protocolservice\service.h(114) : error C2065: 'm_Handle' : undeclared identifier
BUILD: [01:0000005954:ERRORE] c:\wince800\platform\qemu\drivers\netkvm\protocolservice\service.h(118) : error C2065: 'm_Handle' : undeclared identifier
BUILD: [01:0000005954:ERRORE] c:\wince800\platform\qemu\drivers\netkvm\protocolservice\service.h(118) : error C2065: 'm_Status' : undeclared identifier
BUILD: [01:0000005954:ERRORE] c:\wince800\platform\qemu\drivers\netkvm\protocolservice\service.h(118) : error C3861: 'QueryServiceStatus': identifier not found
BUILD: [01:0000005954:ERRORE] c:\wince800\platform\qemu\drivers\netkvm\protocolservice\service.h(122) : error C2065: 'm_Status' : undeclared identifier
BUILD: [01:0000005954:ERRORE] c:\wince800\platform\qemu\drivers\netkvm\protocolservice\service.h(122) : error C2228: left of '.dwCurrentState' must have class/struct/union
BUILD: [01:0000005954:INFO  ]         type is ''unknown-type''
BUILD: [01:0000005954:ERRORE] c:\wince800\platform\qemu\drivers\netkvm\protocolservice\service.h(129) : error C2065: 'm_Handle' : undeclared identifier
BUILD: [01:0000005954:ERRORE] c:\wince800\platform\qemu\drivers\netkvm\protocolservice\service.h(133) : error C2065: 'm_Handle' : undeclared identifier
BUILD: [01:0000005954:ERRORE] c:\wince800\platform\qemu\drivers\netkvm\protocolservice\service.h(133) : error C3861: 'DeleteService': identifier not found
BUILD: [01:0000005969:ERRORE] c:\wince800\platform\qemu\drivers\netkvm\protocolservice\service.h(152) : error C2065: 'SERVICE_STOPPED' : undeclared identifier
BUILD: [01:0000005969:ERRORE] c:\wince800\platform\qemu\drivers\netkvm\protocolservice\service.h(152) : error C2065: 'SERVICE_STOP_PENDING' : undeclared identifier
BUILD: [01:0000005969:ERRORE] c:\wince800\platform\qemu\drivers\netkvm\protocolservice\service.h(161) : error C2065: 'SERVICE_RUNNING' : undeclared identifier
BUILD: [01:0000005969:ERRORE] c:\wince800\platform\qemu\drivers\netkvm\protocolservice\service.h(183) : error C2065: 'm_Handle' : undeclared identifier
BUILD: [01:0000005969:ERRORE] c:\wince800\platform\qemu\drivers\netkvm\protocolservice\service.h(187) : error C2065: 'm_Status' : undeclared identifier
BUILD: [01:0000005969:ERRORE] c:\wince800\platform\qemu\drivers\netkvm\protocolservice\service.h(187) : error C2228: left of '.dwServiceType' must have class/struct/union
BUILD: [01:0000005969:INFO  ]         type is ''unknown-type''
BUILD: [01:0000005969:ERRORE] c:\wince800\platform\qemu\drivers\netkvm\protocolservice\service.h(192) : error C2065: 'm_Handle' : undeclared identifier
BUILD: [01:0000005985:ERRORE] c:\wince800\platform\qemu\drivers\netkvm\protocolservice\service.h(192) : error C2065: 'pNotify' : undeclared identifier
BUILD: [01:0000005985:ERRORE] c:\wince800\platform\qemu\drivers\netkvm\protocolservice\service.h(192) : error C3861: 'NotifyServiceStatusChange': identifier not found
BUILD: [01:0000005985:ERRORE] c:\wince800\platform\qemu\drivers\netkvm\protocolservice\service.h(293) : error C2864: 'CServiceImplementation::m_StopEvent' : only static const integral data members can be initialized within a class
BUILD: [01:0000005985:ERRORE] c:\wince800\platform\qemu\drivers\netkvm\protocolservice\service.h(307) : error C2146: syntax error : missing ';' before identifier 'hService'
BUILD: [01:0000005985:ERRORE] c:\wince800\platform\qemu\drivers\netkvm\protocolservice\service.h(308) : error C2146: syntax error : missing ';' before identifier 'status'
BUILD: [01:0000005985:ERRORE] c:\wince800\platform\qemu\drivers\netkvm\protocolservice\service.h(216) : error C2065: 'WTS_CURRENT_SERVER_HANDLE' : undeclared identifier
BUILD: [01:0000005985:ERRORE] c:\wince800\platform\qemu\drivers\netkvm\protocolservice\service.h(216) : error C2065: 'WTS_CURRENT_SESSION' : undeclared identifier
BUILD: [01:0000005985:ERRORE] c:\wince800\platform\qemu\drivers\netkvm\protocolservice\service.h(217) : error C2065: 'WTSSessionId' : undeclared identifier
BUILD: [01:0000005985:ERRORE] c:\wince800\platform\qemu\drivers\netkvm\protocolservice\service.h(216) : error C3861: 'WTSQuerySessionInformationA': identifier not found
BUILD: [01:0000005985:ERRORE] c:\wince800\platform\qemu\drivers\netkvm\protocolservice\service.h(221) : error C3861: 'WTSFreeMemory': identifier not found
BUILD: [01:0000005985:ERRORE] c:\wince800\platform\qemu\drivers\netkvm\protocolservice\service.h(225) : error C2065: 'SERVICE_TABLE_ENTRY' : undeclared identifier
BUILD: [01:0000006000:ERRORE] c:\wince800\platform\qemu\drivers\netkvm\protocolservice\service.h(225) : error C2065: 'table' : undeclared identifier
BUILD: [01:0000006000:ERRORE] c:\wince800\platform\qemu\drivers\netkvm\protocolservice\service.h(225) : error C2061: syntax error : identifier 'SERVICE_TABLE_ENTRY'
BUILD: [01:0000006000:ERRORE] c:\wince800\platform\qemu\drivers\netkvm\protocolservice\service.h(226) : error C2065: 'table' : undeclared identifier
BUILD: [01:0000006000:ERRORE] c:\wince800\platform\qemu\drivers\netkvm\protocolservice\service.h(226) : error C2228: left of '.lpServiceName' must have class/struct/union
BUILD: [01:0000006000:ERRORE] c:\wince800\platform\qemu\drivers\netkvm\protocolservice\service.h(227) : error C2065: 'table' : undeclared identifier
BUILD: [01:0000006000:ERRORE] c:\wince800\platform\qemu\drivers\netkvm\protocolservice\service.h(227) : error C2228: left of '.lpServiceProc' must have class/struct/union
BUILD: [01:0000006000:ERRORE] c:\wince800\platform\qemu\drivers\netkvm\protocolservice\service.h(231) : error C2065: 'table' : undeclared identifier
BUILD: [01:0000006000:ERRORE] c:\wince800\platform\qemu\drivers\netkvm\protocolservice\service.h(231) : error C2228: left of '.lpServiceName' must have class/struct/union
BUILD: [01:0000006000:ERRORE] c:\wince800\platform\qemu\drivers\netkvm\protocolservice\service.h(232) : error C2065: 'table' : undeclared identifier
BUILD: [01:0000006000:ERRORE] c:\wince800\platform\qemu\drivers\netkvm\protocolservice\service.h(232) : error C2228: left of '.lpServiceProc' must have class/struct/union
BUILD: [01:0000006000:ERRORE] c:\wince800\platform\qemu\drivers\netkvm\protocolservice\service.h(253) : error C2065: 'table' : undeclared identifier
BUILD: [01:0000006016:ERRORE] c:\wince800\platform\qemu\drivers\netkvm\protocolservice\service.h(253) : error C3861: 'StartServiceCtrlDispatcher': identifier not found
BUILD: [01:0000006016:ERRORE] c:\wince800\platform\qemu\drivers\netkvm\protocolservice\service.h(254) : error C2065: 'table' : undeclared identifier
BUILD: [01:0000006016:ERRORE] c:\wince800\platform\qemu\drivers\netkvm\protocolservice\service.h(254) : error C2541: 'delete' : cannot delete objects that are not pointers
BUILD: [01:0000006032:ERRORE] c:\wince800\platform\qemu\drivers\netkvm\protocolservice\service.h(299) : error C2065: 'status' : undeclared identifier
BUILD: [01:0000006032:ERRORE] c:\wince800\platform\qemu\drivers\netkvm\protocolservice\service.h(299) : error C2228: left of '.dwServiceType' must have class/struct/union
BUILD: [01:0000006047:INFO  ]         type is ''unknown-type''
BUILD: [01:0000006047:ERRORE] c:\wince800\platform\qemu\drivers\netkvm\protocolservice\service.h(300) : error C2065: 'status' : undeclared identifier
BUILD: [01:0000006047:ERRORE] c:\wince800\platform\qemu\drivers\netkvm\protocolservice\service.h(300) : error C2228: left of '.dwCurrentState' must have class/struct/union
BUILD: [01:0000006047:INFO  ]         type is ''unknown-type''
BUILD: [01:0000006047:ERRORE] c:\wince800\platform\qemu\drivers\netkvm\protocolservice\service.h(300) : error C2065: 'SERVICE_STOPPED' : undeclared identifier
BUILD: [01:0000006047:ERRORE] c:\wince800\platform\qemu\drivers\netkvm\protocolservice\service.h(301) : error C2065: 'status' : undeclared identifier
BUILD: [01:0000006047:ERRORE] c:\wince800\platform\qemu\drivers\netkvm\protocolservice\service.h(301) : error C2228: left of '.dwControlsAccepted' must have class/struct/union
BUILD: [01:0000006047:INFO  ]         type is ''unknown-type''
BUILD: [01:0000006047:ERRORE] c:\wince800\platform\qemu\drivers\netkvm\protocolservice\service.h(301) : error C2065: 'SERVICE_ACCEPT_STOP' : undeclared identifier
BUILD: [01:0000006047:ERRORE] c:\wince800\platform\qemu\drivers\netkvm\protocolservice\service.h(301) : error C2065: 'SERVICE_ACCEPT_SESSIONCHANGE' : undeclared identifier
BUILD: [01:0000006047:ERRORE] c:\wince800\platform\qemu\drivers\netkvm\protocolservice\service.h(302) : error C2065: 'status' : undeclared identifier
BUILD: [01:0000006047:ERRORE] c:\wince800\platform\qemu\drivers\netkvm\protocolservice\service.h(302) : error C2228: left of '.dwWaitHint' must have class/struct/union
BUILD: [01:0000006063:INFO  ]         type is ''unknown-type''
BUILD: [01:0000006063:ERRORE] c:\wince800\platform\qemu\drivers\netkvm\protocolservice\service.h(303) : error C2065: 'status' : undeclared identifier
BUILD: [01:0000006063:ERRORE] c:\wince800\platform\qemu\drivers\netkvm\protocolservice\service.h(303) : error C2228: left of '.dwCheckPoint' must have class/struct/union
BUILD: [01:0000006063:INFO  ]         type is ''unknown-type''
BUILD: [01:0000006063:ERRORE] c:\wince800\platform\qemu\drivers\netkvm\protocolservice\service.h(304) : error C2065: 'status' : undeclared identifier
BUILD: [01:0000006063:ERRORE] c:\wince800\platform\qemu\drivers\netkvm\protocolservice\service.h(304) : error C2228: left of '.dwWin32ExitCode' must have class/struct/union
BUILD: [01:0000006063:ERRORE] c:\wince800\platform\qemu\drivers\netkvm\protocolservice\service.h(304) : fatal error C1003: error count exceeds 100; stopping compilation
BUILD: [01:0000006079:INFO  ] Generating Code...
BUILD: [01:0000006094:ERRORE] NMAKE : fatal error U1077: 'C:\WINCE800\sdk\bin\i386\ARM\cl.exe' : return code '0x2'
BUILD: [01:0000006110:INFO  ] Stop.
BUILD: [01:0000006110:ERRORE] TargetCompilePass  -nologo BUILDMSG=Stop.  BUILDROOT=C:\WINCE800\platform\qemu /F C:\WINCE800\public\common\oak\misc\makefile.def NOLINK=1 NOPASS0=1 failed - rc = 2.
BUILD: [00:0000006110:PROGC ]                        Files  Warnings  Errors
BUILD: [00:0000006110:PROGC ] Midl                       0         0       0
BUILD: [00:0000006110:PROGC ] Message                    0         0       0
BUILD: [00:0000006125:PROGC ] Precomp Header             0         0       0
BUILD: [00:0000006125:PROGC ] Resource                   0         0       0
BUILD: [00:0000006125:PROGC ] XRPack                     0         0       0
BUILD: [00:0000006125:PROGC ] MASM                       0         0       0
BUILD: [00:0000006125:PROGC ] SHASM                      0         0       0
BUILD: [00:0000006125:PROGC ] ARMASM                     0         0       0
BUILD: [00:0000006125:PROGC ] C++                        0         4     409
BUILD: [00:0000006125:PROGC ] C                          0         0       0
BUILD: [00:0000006125:PROGC ] CheckLibs                  0         0       0
BUILD: [00:0000006125:PROGC ] Static Libraries           0         0       0
BUILD: [00:0000006125:PROGC ] Exe's                      0         0       0
BUILD: [00:0000006125:PROGC ] Dll's                      0         0       0
BUILD: [00:0000006125:PROGC ] Preprocess deffile         0         0       0
BUILD: [00:0000006125:PROGC ] Resx                       0         0       0
BUILD: [00:0000006125:PROGC ] CSharp Compile             0         0       0
BUILD: [00:0000006125:PROGC ] VCProj Compile             0         0       0
BUILD: [00:0000006125:PROGC ] NETCF Build                0         0       0
BUILD: [00:0000006125:PROGC ] Localization               0         0       0
BUILD: [00:0000006125:PROGC ] Other                      0         0       1
BUILD: [00:0000006125:PROGC ] 
BUILD: [00:0000006125:PROGC ] Total                      0         4     410
BUILD: [00:0000006125:PROGC ] 
BUILD: [00:0000006125:PROGC ] 4 Warnings,  410 Errors
BUILD: [00:0000006141:PROGC ] GetSystemTimes (seconds): Idle: 2     Kernel: 6     User: 5    
BUILD: [00:0000006141:PROGC ] Elapsed  time  (seconds): 6    
